
 Start         Length     Name                   Class
 0001:07A01000 000A7428H .text                   CODE
 0002:07AA9000 00000654H .itext                  ICODE
 0003:07AAA000 0002D754H .data                   DATA
 0004:07AD8000 0004E048H .bss                    BSS
 0005:00000000 00000000H .tls                    TLS
 000A:00000000 00000000H .xdata                  PDATA


Detailed map of segments

 0001:00000000 00000350 C=CODE     S=.text    G=(none)   M=System   ACBP=A9
 0001:00000350 000001C4 C=CODE     S=.text    G=(none)   M=SysInit  ACBP=A9
 0001:00000514 00000E50 C=CODE     S=.text    G=(none)   M=ImagingTypes ACBP=A9
 0001:00001364 00000010 C=CODE     S=.text    G=(none)   M=Types    ACBP=A9
 0001:00001374 00000110 C=CODE     S=.text    G=(none)   M=Windows  ACBP=A9
 0001:00001484 00000008 C=CODE     S=.text    G=(none)   M=ExcUtils ACBP=A9
 0001:0000148C 00000110 C=CODE     S=.text    G=(none)   M=SysUtils ACBP=A9
 0001:0000159C 00000008 C=CODE     S=.text    G=(none)   M=VarUtils ACBP=A9
 0001:000015A4 00000008 C=CODE     S=.text    G=(none)   M=Variants ACBP=A9
 0001:000015AC 00000008 C=CODE     S=.text    G=(none)   M=TypInfo  ACBP=A9
 0001:000015B4 00000108 C=CODE     S=.text    G=(none)   M=Classes  ACBP=A9
 0001:000016BC 00001E7C C=CODE     S=.text    G=(none)   M=ImagingUtility ACBP=A9
 0001:00003538 00007048 C=CODE     S=.text    G=(none)   M=ImagingFormats ACBP=A9
 0001:0000A580 00000CA0 C=CODE     S=.text    G=(none)   M=ImagingIO ACBP=A9
 0001:0000B220 000013BC C=CODE     S=.text    G=(none)   M=ImagingBitmap ACBP=A9
 0001:0000C5DC 00000DA4 C=CODE     S=.text    G=(none)   M=ImagingColors ACBP=A9
 0001:0000D380 00000978 C=CODE     S=.text    G=(none)   M=imjdeferr ACBP=A9
 0001:0000DCF8 000000BC C=CODE     S=.text    G=(none)   M=imjmorecfg ACBP=A9
 0001:0000DDB4 000032EC C=CODE     S=.text    G=(none)   M=imjpeglib ACBP=A9
 0001:000110A0 00000048 C=CODE     S=.text    G=(none)   M=imjinclude ACBP=A9
 0001:000110E8 000000A4 C=CODE     S=.text    G=(none)   M=imjcomapi ACBP=A9
 0001:0001118C 000005D0 C=CODE     S=.text    G=(none)   M=imjerror ACBP=A9
 0001:0001175C 000000A8 C=CODE     S=.text    G=(none)   M=imjutils ACBP=A9
 0001:00011804 00000050 C=CODE     S=.text    G=(none)   M=imjmemnobs ACBP=A9
 0001:00011854 00000B9C C=CODE     S=.text    G=(none)   M=imjmemmgr ACBP=A9
 0001:000123F0 000018FC C=CODE     S=.text    G=(none)   M=imjdmarker ACBP=A9
 0001:00013CEC 000004EC C=CODE     S=.text    G=(none)   M=imjdinput ACBP=A9
 0001:000141D8 00000408 C=CODE     S=.text    G=(none)   M=imjdapimin ACBP=A9
 0001:000145E0 00000668 C=CODE     S=.text    G=(none)   M=imjdcolor ACBP=A9
 0001:00014C48 00000770 C=CODE     S=.text    G=(none)   M=imjdsample ACBP=A9
 0001:000153B8 000002FC C=CODE     S=.text    G=(none)   M=imjdpostct ACBP=A9
 0001:000156B4 00000308 C=CODE     S=.text    G=(none)   M=imjdct   ACBP=A9
 0001:000159BC 00000508 C=CODE     S=.text    G=(none)   M=imjidctfst ACBP=A9
 0001:00015EC4 000004E4 C=CODE     S=.text    G=(none)   M=imjidctasm ACBP=A9
 0001:000163A8 00000670 C=CODE     S=.text    G=(none)   M=imjidctflt ACBP=A9
 0001:00016A18 0000067C C=CODE     S=.text    G=(none)   M=imjidctred ACBP=A9
 0001:00017094 000002C0 C=CODE     S=.text    G=(none)   M=imjddctmgr ACBP=A9
 0001:00017354 00000CC0 C=CODE     S=.text    G=(none)   M=imjdhuff ACBP=A9
 0001:00018014 00000D50 C=CODE     S=.text    G=(none)   M=imjdphuff ACBP=A9
 0001:00018D64 000010D0 C=CODE     S=.text    G=(none)   M=imjdcoefct ACBP=A9
 0001:00019E34 000012F0 C=CODE     S=.text    G=(none)   M=imjquant2 ACBP=A9
 0001:0001B124 00000724 C=CODE     S=.text    G=(none)   M=imjdmainct ACBP=A9
 0001:0001B848 00000BF8 C=CODE     S=.text    G=(none)   M=imjquant1 ACBP=A9
 0001:0001C440 000006D8 C=CODE     S=.text    G=(none)   M=imjdmerge ACBP=A9
 0001:0001CB18 000006CC C=CODE     S=.text    G=(none)   M=imjdmaster ACBP=A9
 0001:0001D1E4 00000348 C=CODE     S=.text    G=(none)   M=imjdapistd ACBP=A9
 0001:0001D52C 00000834 C=CODE     S=.text    G=(none)   M=imjcmarker ACBP=A9
 0001:0001DD60 000002E4 C=CODE     S=.text    G=(none)   M=imjcapimin ACBP=A9
 0001:0001E044 00000CD0 C=CODE     S=.text    G=(none)   M=imjchuff ACBP=A9
 0001:0001ED14 00000ABC C=CODE     S=.text    G=(none)   M=imjcphuff ACBP=A9
 0001:0001F7D0 00000AA4 C=CODE     S=.text    G=(none)   M=imjcmaster ACBP=A9
 0001:00020274 000006A0 C=CODE     S=.text    G=(none)   M=imjccolor ACBP=A9
 0001:00020914 00000958 C=CODE     S=.text    G=(none)   M=imjcsample ACBP=A9
 0001:0002126C 00000588 C=CODE     S=.text    G=(none)   M=imjcprepct ACBP=A9
 0001:000217F4 00000434 C=CODE     S=.text    G=(none)   M=imjfdctint ACBP=A9
 0001:00021C28 00000290 C=CODE     S=.text    G=(none)   M=imjfdctfst ACBP=A9
 0001:00021EB8 000003E0 C=CODE     S=.text    G=(none)   M=imjfdctflt ACBP=A9
 0001:00022298 000005B0 C=CODE     S=.text    G=(none)   M=imjcdctmgr ACBP=A9
 0001:00022848 0000084C C=CODE     S=.text    G=(none)   M=imjccoefct ACBP=A9
 0001:00023094 00000178 C=CODE     S=.text    G=(none)   M=imjcmainct ACBP=A9
 0001:0002320C 000000B0 C=CODE     S=.text    G=(none)   M=imjcinit ACBP=A9
 0001:000232BC 000001B4 C=CODE     S=.text    G=(none)   M=imjcapistd ACBP=A9
 0001:00023470 00000974 C=CODE     S=.text    G=(none)   M=imjcparam ACBP=A9
 0001:00023DE4 00000AAC C=CODE     S=.text    G=(none)   M=ImagingJpeg ACBP=A9
 0001:00024890 000001F0 C=CODE     S=.text    G=(none)   M=imzutil  ACBP=A9
 0001:00024A80 00000128 C=CODE     S=.text    G=(none)   M=iminfutil ACBP=A9
 0001:00024BA8 000004A0 C=CODE     S=.text    G=(none)   M=iminffast ACBP=A9
 0001:00025048 00000A80 C=CODE     S=.text    G=(none)   M=iminfcodes ACBP=A9
 0001:00025AC8 00000938 C=CODE     S=.text    G=(none)   M=iminftrees ACBP=A9
 0001:00026400 00000F20 C=CODE     S=.text    G=(none)   M=iminfblock ACBP=A9
 0001:00027320 0000008C C=CODE     S=.text    G=(none)   M=imadler  ACBP=A9
 0001:000273AC 0000090C C=CODE     S=.text    G=(none)   M=imzinflate ACBP=A9
 0001:00027CB8 00000C50 C=CODE     S=.text    G=(none)   M=impaszlib ACBP=A9
 0001:00028908 000018F8 C=CODE     S=.text    G=(none)   M=imtrees  ACBP=A9
 0001:0002A200 000013CC C=CODE     S=.text    G=(none)   M=imzdeflate ACBP=A9
 0001:0002B5CC 00001458 C=CODE     S=.text    G=(none)   M=dzlib    ACBP=A9
 0001:0002CA24 00002A5C C=CODE     S=.text    G=(none)   M=ImagingClasses ACBP=A9
 0001:0002F480 00005470 C=CODE     S=.text    G=(none)   M=ImagingCanvases ACBP=A9
 0001:000348F0 00005794 C=CODE     S=.text    G=(none)   M=ImagingNetworkGraphics ACBP=A9
 0001:0003A084 0000226C C=CODE     S=.text    G=(none)   M=ImagingGif ACBP=A9
 0001:0003C2F0 00001384 C=CODE     S=.text    G=(none)   M=ImagingDds ACBP=A9
 0001:0003D674 00000FB0 C=CODE     S=.text    G=(none)   M=ImagingTarga ACBP=A9
 0001:0003E624 000029D0 C=CODE     S=.text    G=(none)   M=ImagingPortableMaps ACBP=A9
 0001:00040FF4 00013898 C=CODE     S=.text    G=(none)   M=OpenJpeg ACBP=A9
 0001:0005488C 00001390 C=CODE     S=.text    G=(none)   M=ImagingJpeg2000 ACBP=A9
 0001:00055C1C 00000010 C=CODE     S=.text    G=(none)   M=Math     ACBP=A9
 0001:00055C2C 00000898 C=CODE     S=.text    G=(none)   M=LibDelphi ACBP=A9
 0001:000564C4 000145C8 C=CODE     S=.text    G=(none)   M=LibJpegDelphi ACBP=A9
 0001:0006AA8C 000068E0 C=CODE     S=.text    G=(none)   M=ZLibDelphi ACBP=A9
 0001:0007136C 00023FFC C=CODE     S=.text    G=(none)   M=LibTiffDelphi ACBP=A9
 0001:00095368 00000D84 C=CODE     S=.text    G=(none)   M=ImagingTiff ACBP=A9
 0001:000960EC 00001A84 C=CODE     S=.text    G=(none)   M=ImagingPsd ACBP=A9
 0001:00097B70 000008D4 C=CODE     S=.text    G=(none)   M=ImagingPcx ACBP=A9
 0001:00098444 00001C2C C=CODE     S=.text    G=(none)   M=ImagingXpm ACBP=A9
 0001:0009A070 00000008 C=CODE     S=.text    G=(none)   M=ImagingExtras ACBP=A9
 0001:0009A078 000090F8 C=CODE     S=.text    G=(none)   M=Imaging  ACBP=A9
 0001:000A3170 00000008 C=CODE     S=.text    G=(none)   M=TimeSpan ACBP=A9
 0001:000A3178 00000008 C=CODE     S=.text    G=(none)   M=SyncObjs ACBP=A9
 0001:000A3180 00000008 C=CODE     S=.text    G=(none)   M=DateUtils ACBP=A9
 0001:000A3188 00000010 C=CODE     S=.text    G=(none)   M=IOUtils  ACBP=A9
 0001:000A3198 00000008 C=CODE     S=.text    G=(none)   M=IniFiles ACBP=A9
 0001:000A31A0 00000008 C=CODE     S=.text    G=(none)   M=Registry ACBP=A9
 0001:000A31A8 00000138 C=CODE     S=.text    G=(none)   M=Graphics ACBP=A9
 0001:000A32E0 00002998 C=CODE     S=.text    G=(none)   M=ImagingComponents ACBP=A9
 0001:000A5C78 000006C4 C=CODE     S=.text    G=(none)   M=imjidctint ACBP=A9
 0001:000A633C 000010EC C=CODE     S=.text    G=(none)   M=.VampyreImagingPackage.D2009 ACBP=A9
 0002:00000000 00000008 C=ICODE    S=.itext   G=(none)   M=System   ACBP=A9
 0002:00000008 00000008 C=ICODE    S=.itext   G=(none)   M=ImagingTypes ACBP=A9
 0002:00000010 00000018 C=ICODE    S=.itext   G=(none)   M=Windows  ACBP=A9
 0002:00000028 00000008 C=ICODE    S=.itext   G=(none)   M=ExcUtils ACBP=A9
 0002:00000030 00000020 C=ICODE    S=.itext   G=(none)   M=SysUtils ACBP=A9
 0002:00000050 00000008 C=ICODE    S=.itext   G=(none)   M=VarUtils ACBP=A9
 0002:00000058 00000008 C=ICODE    S=.itext   G=(none)   M=Variants ACBP=A9
 0002:00000060 00000008 C=ICODE    S=.itext   G=(none)   M=TypInfo  ACBP=A9
 0002:00000068 00000018 C=ICODE    S=.itext   G=(none)   M=Classes  ACBP=A9
 0002:00000080 00000030 C=ICODE    S=.itext   G=(none)   M=ImagingUtility ACBP=A9
 0002:000000B0 000000A4 C=ICODE    S=.itext   G=(none)   M=ImagingFormats ACBP=A9
 0002:00000154 000000C8 C=ICODE    S=.itext   G=(none)   M=ImagingIO ACBP=A9
 0002:0000021C 00000014 C=ICODE    S=.itext   G=(none)   M=ImagingBitmap ACBP=A9
 0002:00000230 00000008 C=ICODE    S=.itext   G=(none)   M=ImagingColors ACBP=A9
 0002:00000238 00000008 C=ICODE    S=.itext   G=(none)   M=imjdeferr ACBP=A9
 0002:00000240 00000008 C=ICODE    S=.itext   G=(none)   M=imjmorecfg ACBP=A9
 0002:00000248 00000008 C=ICODE    S=.itext   G=(none)   M=imjpeglib ACBP=A9
 0002:00000250 00000008 C=ICODE    S=.itext   G=(none)   M=imjinclude ACBP=A9
 0002:00000258 00000008 C=ICODE    S=.itext   G=(none)   M=imjcomapi ACBP=A9
 0002:00000260 00000008 C=ICODE    S=.itext   G=(none)   M=imjerror ACBP=A9
 0002:00000268 00000008 C=ICODE    S=.itext   G=(none)   M=imjutils ACBP=A9
 0002:00000270 00000008 C=ICODE    S=.itext   G=(none)   M=imjmemnobs ACBP=A9
 0002:00000278 00000008 C=ICODE    S=.itext   G=(none)   M=imjmemmgr ACBP=A9
 0002:00000280 00000008 C=ICODE    S=.itext   G=(none)   M=imjdmarker ACBP=A9
 0002:00000288 00000008 C=ICODE    S=.itext   G=(none)   M=imjdinput ACBP=A9
 0002:00000290 00000008 C=ICODE    S=.itext   G=(none)   M=imjdapimin ACBP=A9
 0002:00000298 00000008 C=ICODE    S=.itext   G=(none)   M=imjdcolor ACBP=A9
 0002:000002A0 00000008 C=ICODE    S=.itext   G=(none)   M=imjdsample ACBP=A9
 0002:000002A8 00000008 C=ICODE    S=.itext   G=(none)   M=imjdpostct ACBP=A9
 0002:000002B0 00000008 C=ICODE    S=.itext   G=(none)   M=imjdct   ACBP=A9
 0002:000002B8 00000008 C=ICODE    S=.itext   G=(none)   M=imjidctfst ACBP=A9
 0002:000002C0 00000008 C=ICODE    S=.itext   G=(none)   M=imjidctasm ACBP=A9
 0002:000002C8 00000008 C=ICODE    S=.itext   G=(none)   M=imjidctflt ACBP=A9
 0002:000002D0 00000008 C=ICODE    S=.itext   G=(none)   M=imjidctred ACBP=A9
 0002:000002D8 00000008 C=ICODE    S=.itext   G=(none)   M=imjddctmgr ACBP=A9
 0002:000002E0 00000008 C=ICODE    S=.itext   G=(none)   M=imjdhuff ACBP=A9
 0002:000002E8 00000008 C=ICODE    S=.itext   G=(none)   M=imjdphuff ACBP=A9
 0002:000002F0 00000008 C=ICODE    S=.itext   G=(none)   M=imjdcoefct ACBP=A9
 0002:000002F8 00000008 C=ICODE    S=.itext   G=(none)   M=imjquant2 ACBP=A9
 0002:00000300 00000008 C=ICODE    S=.itext   G=(none)   M=imjdmainct ACBP=A9
 0002:00000308 00000008 C=ICODE    S=.itext   G=(none)   M=imjquant1 ACBP=A9
 0002:00000310 00000008 C=ICODE    S=.itext   G=(none)   M=imjdmerge ACBP=A9
 0002:00000318 00000008 C=ICODE    S=.itext   G=(none)   M=imjdmaster ACBP=A9
 0002:00000320 00000008 C=ICODE    S=.itext   G=(none)   M=imjdapistd ACBP=A9
 0002:00000328 00000008 C=ICODE    S=.itext   G=(none)   M=imjcmarker ACBP=A9
 0002:00000330 00000008 C=ICODE    S=.itext   G=(none)   M=imjcapimin ACBP=A9
 0002:00000338 00000008 C=ICODE    S=.itext   G=(none)   M=imjchuff ACBP=A9
 0002:00000340 00000008 C=ICODE    S=.itext   G=(none)   M=imjcphuff ACBP=A9
 0002:00000348 00000008 C=ICODE    S=.itext   G=(none)   M=imjcmaster ACBP=A9
 0002:00000350 00000008 C=ICODE    S=.itext   G=(none)   M=imjccolor ACBP=A9
 0002:00000358 00000008 C=ICODE    S=.itext   G=(none)   M=imjcsample ACBP=A9
 0002:00000360 00000008 C=ICODE    S=.itext   G=(none)   M=imjcprepct ACBP=A9
 0002:00000368 00000008 C=ICODE    S=.itext   G=(none)   M=imjfdctint ACBP=A9
 0002:00000370 00000008 C=ICODE    S=.itext   G=(none)   M=imjfdctfst ACBP=A9
 0002:00000378 00000008 C=ICODE    S=.itext   G=(none)   M=imjfdctflt ACBP=A9
 0002:00000380 00000008 C=ICODE    S=.itext   G=(none)   M=imjcdctmgr ACBP=A9
 0002:00000388 00000008 C=ICODE    S=.itext   G=(none)   M=imjccoefct ACBP=A9
 0002:00000390 00000008 C=ICODE    S=.itext   G=(none)   M=imjcmainct ACBP=A9
 0002:00000398 00000008 C=ICODE    S=.itext   G=(none)   M=imjcinit ACBP=A9
 0002:000003A0 00000008 C=ICODE    S=.itext   G=(none)   M=imjcapistd ACBP=A9
 0002:000003A8 00000008 C=ICODE    S=.itext   G=(none)   M=imjcparam ACBP=A9
 0002:000003B0 00000014 C=ICODE    S=.itext   G=(none)   M=ImagingJpeg ACBP=A9
 0002:000003C4 00000008 C=ICODE    S=.itext   G=(none)   M=imzutil  ACBP=A9
 0002:000003CC 00000008 C=ICODE    S=.itext   G=(none)   M=iminfutil ACBP=A9
 0002:000003D4 00000008 C=ICODE    S=.itext   G=(none)   M=iminffast ACBP=A9
 0002:000003DC 00000008 C=ICODE    S=.itext   G=(none)   M=iminfcodes ACBP=A9
 0002:000003E4 00000008 C=ICODE    S=.itext   G=(none)   M=iminftrees ACBP=A9
 0002:000003EC 00000008 C=ICODE    S=.itext   G=(none)   M=iminfblock ACBP=A9
 0002:000003F4 00000008 C=ICODE    S=.itext   G=(none)   M=imadler  ACBP=A9
 0002:000003FC 00000008 C=ICODE    S=.itext   G=(none)   M=imzinflate ACBP=A9
 0002:00000404 00000008 C=ICODE    S=.itext   G=(none)   M=impaszlib ACBP=A9
 0002:0000040C 00000008 C=ICODE    S=.itext   G=(none)   M=imtrees  ACBP=A9
 0002:00000414 00000008 C=ICODE    S=.itext   G=(none)   M=imzdeflate ACBP=A9
 0002:0000041C 00000008 C=ICODE    S=.itext   G=(none)   M=dzlib    ACBP=A9
 0002:00000424 00000008 C=ICODE    S=.itext   G=(none)   M=ImagingClasses ACBP=A9
 0002:0000042C 00000014 C=ICODE    S=.itext   G=(none)   M=ImagingCanvases ACBP=A9
 0002:00000440 00000028 C=ICODE    S=.itext   G=(none)   M=ImagingNetworkGraphics ACBP=A9
 0002:00000468 00000014 C=ICODE    S=.itext   G=(none)   M=ImagingGif ACBP=A9
 0002:0000047C 00000014 C=ICODE    S=.itext   G=(none)   M=ImagingDds ACBP=A9
 0002:00000490 00000014 C=ICODE    S=.itext   G=(none)   M=ImagingTarga ACBP=A9
 0002:000004A4 0000003C C=ICODE    S=.itext   G=(none)   M=ImagingPortableMaps ACBP=A9
 0002:000004E0 00000008 C=ICODE    S=.itext   G=(none)   M=OpenJpeg ACBP=A9
 0002:000004E8 00000014 C=ICODE    S=.itext   G=(none)   M=ImagingJpeg2000 ACBP=A9
 0002:000004FC 00000008 C=ICODE    S=.itext   G=(none)   M=LibDelphi ACBP=A9
 0002:00000504 00000008 C=ICODE    S=.itext   G=(none)   M=LibJpegDelphi ACBP=A9
 0002:0000050C 00000008 C=ICODE    S=.itext   G=(none)   M=ZLibDelphi ACBP=A9
 0002:00000514 00000020 C=ICODE    S=.itext   G=(none)   M=LibTiffDelphi ACBP=A9
 0002:00000534 00000014 C=ICODE    S=.itext   G=(none)   M=ImagingTiff ACBP=A9
 0002:00000548 00000014 C=ICODE    S=.itext   G=(none)   M=ImagingPsd ACBP=A9
 0002:0000055C 00000014 C=ICODE    S=.itext   G=(none)   M=ImagingPcx ACBP=A9
 0002:00000570 00000014 C=ICODE    S=.itext   G=(none)   M=ImagingXpm ACBP=A9
 0002:00000584 00000008 C=ICODE    S=.itext   G=(none)   M=ImagingExtras ACBP=A9
 0002:0000058C 00000068 C=ICODE    S=.itext   G=(none)   M=Imaging  ACBP=A9
 0002:000005F4 00000008 C=ICODE    S=.itext   G=(none)   M=TimeSpan ACBP=A9
 0002:000005FC 00000008 C=ICODE    S=.itext   G=(none)   M=SyncObjs ACBP=A9
 0002:00000604 00000008 C=ICODE    S=.itext   G=(none)   M=DateUtils ACBP=A9
 0002:0000060C 00000010 C=ICODE    S=.itext   G=(none)   M=IOUtils  ACBP=A9
 0002:0000061C 00000008 C=ICODE    S=.itext   G=(none)   M=IniFiles ACBP=A9
 0002:00000624 00000008 C=ICODE    S=.itext   G=(none)   M=Registry ACBP=A9
 0002:0000062C 00000008 C=ICODE    S=.itext   G=(none)   M=Graphics ACBP=A9
 0002:00000634 00000010 C=ICODE    S=.itext   G=(none)   M=ImagingComponents ACBP=A9
 0002:00000644 00000008 C=ICODE    S=.itext   G=(none)   M=imjidctint ACBP=A9
 0002:0000064C 00000008 C=ICODE    S=.itext   G=(none)   M=.VampyreImagingPackage.D2009 ACBP=A9
 0003:00000000 00000034 C=DATA     S=.data    G=DGROUP   M=SysInit  ACBP=A9
 0003:00000034 0000000C C=DATA     S=.data    G=DGROUP   M=Windows  ACBP=A9
 0003:00000040 00000004 C=DATA     S=.data    G=DGROUP   M=ImagingUtility ACBP=A9
 0003:00000044 00000BF0 C=DATA     S=.data    G=DGROUP   M=ImagingFormats ACBP=A9
 0003:00000C34 00000020 C=DATA     S=.data    G=DGROUP   M=ImagingBitmap ACBP=A9
 0003:00000C54 00002A18 C=DATA     S=.data    G=DGROUP   M=imjdeferr ACBP=A9
 0003:0000366C 00000140 C=DATA     S=.data    G=DGROUP   M=imjutils ACBP=A9
 0003:000037AC 00000010 C=DATA     S=.data    G=DGROUP   M=imjmemmgr ACBP=A9
 0003:000037BC 00000144 C=DATA     S=.data    G=DGROUP   M=imjddctmgr ACBP=A9
 0003:00003900 00000080 C=DATA     S=.data    G=DGROUP   M=imjdhuff ACBP=A9
 0003:00003980 00000080 C=DATA     S=.data    G=DGROUP   M=imjdphuff ACBP=A9
 0003:00003A00 0000010C C=DATA     S=.data    G=DGROUP   M=imjquant1 ACBP=A9
 0003:00003B0C 00000144 C=DATA     S=.data    G=DGROUP   M=imjcdctmgr ACBP=A9
 0003:00003C50 000003A0 C=DATA     S=.data    G=DGROUP   M=imjcparam ACBP=A9
 0003:00003FF0 00000020 C=DATA     S=.data    G=DGROUP   M=ImagingJpeg ACBP=A9
 0003:00004010 00000044 C=DATA     S=.data    G=DGROUP   M=iminfutil ACBP=A9
 0003:00004054 000001EC C=DATA     S=.data    G=DGROUP   M=iminftrees ACBP=A9
 0003:00004240 00000028 C=DATA     S=.data    G=DGROUP   M=iminfblock ACBP=A9
 0003:00004268 00000004 C=DATA     S=.data    G=DGROUP   M=imzinflate ACBP=A9
 0003:0000426C 000000EC C=DATA     S=.data    G=DGROUP   M=impaszlib ACBP=A9
 0003:00004358 00000A6C C=DATA     S=.data    G=DGROUP   M=imtrees  ACBP=A9
 0003:00004DC4 0000007C C=DATA     S=.data    G=DGROUP   M=imzdeflate ACBP=A9
 0003:00004E40 0000002C C=DATA     S=.data    G=DGROUP   M=dzlib    ACBP=A9
 0003:00004E6C 00000494 C=DATA     S=.data    G=DGROUP   M=ImagingCanvases ACBP=A9
 0003:00005300 00000158 C=DATA     S=.data    G=DGROUP   M=ImagingNetworkGraphics ACBP=A9
 0003:00005458 00000030 C=DATA     S=.data    G=DGROUP   M=ImagingGif ACBP=A9
 0003:00005488 00000020 C=DATA     S=.data    G=DGROUP   M=ImagingDds ACBP=A9
 0003:000054A8 00000020 C=DATA     S=.data    G=DGROUP   M=ImagingTarga ACBP=A9
 0003:000054C8 00000024 C=DATA     S=.data    G=DGROUP   M=ImagingPortableMaps ACBP=A9
 0003:000054EC 00001F58 C=DATA     S=.data    G=DGROUP   M=OpenJpeg ACBP=A9
 0003:00007444 0000002C C=DATA     S=.data    G=DGROUP   M=ImagingJpeg2000 ACBP=A9
 0003:00007470 00000004 C=DATA     S=.data    G=DGROUP   M=LibDelphi ACBP=A9
 0003:00007474 00001C4C C=DATA     S=.data    G=DGROUP   M=LibJpegDelphi ACBP=A9
 0003:000090C0 000037D8 C=DATA     S=.data    G=DGROUP   M=ZLibDelphi ACBP=A9
 0003:0000C898 00020DBC C=DATA     S=.data    G=DGROUP   M=LibTiffDelphi ACBP=A9
 0003:0002D654 00000038 C=DATA     S=.data    G=DGROUP   M=ImagingTiff ACBP=A9
 0003:0002D68C 00000038 C=DATA     S=.data    G=DGROUP   M=ImagingPsd ACBP=A9
 0003:0002D6C4 0000000C C=DATA     S=.data    G=DGROUP   M=ImagingPcx ACBP=A9
 0003:0002D6D0 00000020 C=DATA     S=.data    G=DGROUP   M=ImagingXpm ACBP=A9
 0003:0002D6F0 00000020 C=DATA     S=.data    G=DGROUP   M=Imaging  ACBP=A9
 0004:00000000 0000000C C=BSS      S=.bss     G=DGROUP   M=SysInit  ACBP=A9
 0004:0000000C 00000004 C=BSS      S=.bss     G=DGROUP   M=ImagingTypes ACBP=A9
 0004:00000010 00000008 C=BSS      S=.bss     G=DGROUP   M=Windows  ACBP=A9
 0004:00000018 00000414 C=BSS      S=.bss     G=DGROUP   M=ImagingUtility ACBP=A9
 0004:0000042C 0004C120 C=BSS      S=.bss     G=DGROUP   M=ImagingFormats ACBP=A9
 0004:0004C54C 00000084 C=BSS      S=.bss     G=DGROUP   M=ImagingIO ACBP=A9
 0004:0004C5D0 00000004 C=BSS      S=.bss     G=DGROUP   M=ImagingBitmap ACBP=A9
 0004:0004C5D4 00000004 C=BSS      S=.bss     G=DGROUP   M=ImagingColors ACBP=A9
 0004:0004C5D8 00000004 C=BSS      S=.bss     G=DGROUP   M=imjdeferr ACBP=A9
 0004:0004C5DC 00000004 C=BSS      S=.bss     G=DGROUP   M=imjmorecfg ACBP=A9
 0004:0004C5E0 00000004 C=BSS      S=.bss     G=DGROUP   M=imjpeglib ACBP=A9
 0004:0004C5E4 00000004 C=BSS      S=.bss     G=DGROUP   M=imjinclude ACBP=A9
 0004:0004C5E8 00000004 C=BSS      S=.bss     G=DGROUP   M=imjcomapi ACBP=A9
 0004:0004C5EC 00000004 C=BSS      S=.bss     G=DGROUP   M=imjerror ACBP=A9
 0004:0004C5F0 00000004 C=BSS      S=.bss     G=DGROUP   M=imjutils ACBP=A9
 0004:0004C5F4 00000004 C=BSS      S=.bss     G=DGROUP   M=imjmemnobs ACBP=A9
 0004:0004C5F8 00000004 C=BSS      S=.bss     G=DGROUP   M=imjmemmgr ACBP=A9
 0004:0004C5FC 00000004 C=BSS      S=.bss     G=DGROUP   M=imjdmarker ACBP=A9
 0004:0004C600 00000004 C=BSS      S=.bss     G=DGROUP   M=imjdinput ACBP=A9
 0004:0004C604 00000004 C=BSS      S=.bss     G=DGROUP   M=imjdapimin ACBP=A9
 0004:0004C608 00000004 C=BSS      S=.bss     G=DGROUP   M=imjdcolor ACBP=A9
 0004:0004C60C 00000004 C=BSS      S=.bss     G=DGROUP   M=imjdsample ACBP=A9
 0004:0004C610 00000004 C=BSS      S=.bss     G=DGROUP   M=imjdpostct ACBP=A9
 0004:0004C614 00000004 C=BSS      S=.bss     G=DGROUP   M=imjdct   ACBP=A9
 0004:0004C618 00000004 C=BSS      S=.bss     G=DGROUP   M=imjidctfst ACBP=A9
 0004:0004C61C 00000004 C=BSS      S=.bss     G=DGROUP   M=imjidctasm ACBP=A9
 0004:0004C620 00000004 C=BSS      S=.bss     G=DGROUP   M=imjidctflt ACBP=A9
 0004:0004C624 00000004 C=BSS      S=.bss     G=DGROUP   M=imjidctred ACBP=A9
 0004:0004C628 00000004 C=BSS      S=.bss     G=DGROUP   M=imjddctmgr ACBP=A9
 0004:0004C62C 00000004 C=BSS      S=.bss     G=DGROUP   M=imjdhuff ACBP=A9
 0004:0004C630 00000004 C=BSS      S=.bss     G=DGROUP   M=imjdphuff ACBP=A9
 0004:0004C634 00000004 C=BSS      S=.bss     G=DGROUP   M=imjdcoefct ACBP=A9
 0004:0004C638 00000004 C=BSS      S=.bss     G=DGROUP   M=imjquant2 ACBP=A9
 0004:0004C63C 00000004 C=BSS      S=.bss     G=DGROUP   M=imjdmainct ACBP=A9
 0004:0004C640 00000004 C=BSS      S=.bss     G=DGROUP   M=imjquant1 ACBP=A9
 0004:0004C644 00000004 C=BSS      S=.bss     G=DGROUP   M=imjdmerge ACBP=A9
 0004:0004C648 00000004 C=BSS      S=.bss     G=DGROUP   M=imjdmaster ACBP=A9
 0004:0004C64C 00000004 C=BSS      S=.bss     G=DGROUP   M=imjdapistd ACBP=A9
 0004:0004C650 00000004 C=BSS      S=.bss     G=DGROUP   M=imjcmarker ACBP=A9
 0004:0004C654 00000004 C=BSS      S=.bss     G=DGROUP   M=imjcapimin ACBP=A9
 0004:0004C658 00000004 C=BSS      S=.bss     G=DGROUP   M=imjchuff ACBP=A9
 0004:0004C65C 00000004 C=BSS      S=.bss     G=DGROUP   M=imjcphuff ACBP=A9
 0004:0004C660 00000004 C=BSS      S=.bss     G=DGROUP   M=imjcmaster ACBP=A9
 0004:0004C664 00000004 C=BSS      S=.bss     G=DGROUP   M=imjccolor ACBP=A9
 0004:0004C668 00000004 C=BSS      S=.bss     G=DGROUP   M=imjcsample ACBP=A9
 0004:0004C66C 00000004 C=BSS      S=.bss     G=DGROUP   M=imjcprepct ACBP=A9
 0004:0004C670 00000004 C=BSS      S=.bss     G=DGROUP   M=imjfdctint ACBP=A9
 0004:0004C674 00000004 C=BSS      S=.bss     G=DGROUP   M=imjfdctfst ACBP=A9
 0004:0004C678 00000004 C=BSS      S=.bss     G=DGROUP   M=imjfdctflt ACBP=A9
 0004:0004C67C 00000004 C=BSS      S=.bss     G=DGROUP   M=imjcdctmgr ACBP=A9
 0004:0004C680 00000004 C=BSS      S=.bss     G=DGROUP   M=imjccoefct ACBP=A9
 0004:0004C684 00000004 C=BSS      S=.bss     G=DGROUP   M=imjcmainct ACBP=A9
 0004:0004C688 00000004 C=BSS      S=.bss     G=DGROUP   M=imjcinit ACBP=A9
 0004:0004C68C 00000004 C=BSS      S=.bss     G=DGROUP   M=imjcapistd ACBP=A9
 0004:0004C690 00000004 C=BSS      S=.bss     G=DGROUP   M=imjcparam ACBP=A9
 0004:0004C694 000000A8 C=BSS      S=.bss     G=DGROUP   M=ImagingJpeg ACBP=A9
 0004:0004C73C 00000004 C=BSS      S=.bss     G=DGROUP   M=imzutil  ACBP=A9
 0004:0004C740 00000004 C=BSS      S=.bss     G=DGROUP   M=iminfutil ACBP=A9
 0004:0004C744 00000004 C=BSS      S=.bss     G=DGROUP   M=iminffast ACBP=A9
 0004:0004C748 00000004 C=BSS      S=.bss     G=DGROUP   M=iminfcodes ACBP=A9
 0004:0004C74C 00001114 C=BSS      S=.bss     G=DGROUP   M=iminftrees ACBP=A9
 0004:0004D860 00000004 C=BSS      S=.bss     G=DGROUP   M=iminfblock ACBP=A9
 0004:0004D864 00000004 C=BSS      S=.bss     G=DGROUP   M=imadler  ACBP=A9
 0004:0004D868 00000004 C=BSS      S=.bss     G=DGROUP   M=imzinflate ACBP=A9
 0004:0004D86C 00000004 C=BSS      S=.bss     G=DGROUP   M=impaszlib ACBP=A9
 0004:0004D870 00000004 C=BSS      S=.bss     G=DGROUP   M=imtrees  ACBP=A9
 0004:0004D874 00000004 C=BSS      S=.bss     G=DGROUP   M=imzdeflate ACBP=A9
 0004:0004D878 00000004 C=BSS      S=.bss     G=DGROUP   M=dzlib    ACBP=A9
 0004:0004D87C 00000004 C=BSS      S=.bss     G=DGROUP   M=ImagingClasses ACBP=A9
 0004:0004D880 00000004 C=BSS      S=.bss     G=DGROUP   M=ImagingCanvases ACBP=A9
 0004:0004D884 00000004 C=BSS      S=.bss     G=DGROUP   M=ImagingNetworkGraphics ACBP=A9
 0004:0004D888 00000004 C=BSS      S=.bss     G=DGROUP   M=ImagingGif ACBP=A9
 0004:0004D88C 00000004 C=BSS      S=.bss     G=DGROUP   M=ImagingDds ACBP=A9
 0004:0004D890 00000004 C=BSS      S=.bss     G=DGROUP   M=ImagingTarga ACBP=A9
 0004:0004D894 00000004 C=BSS      S=.bss     G=DGROUP   M=ImagingPortableMaps ACBP=A9
 0004:0004D898 00000008 C=BSS      S=.bss     G=DGROUP   M=OpenJpeg ACBP=A9
 0004:0004D8A0 00000004 C=BSS      S=.bss     G=DGROUP   M=ImagingJpeg2000 ACBP=A9
 0004:0004D8A4 00000008 C=BSS      S=.bss     G=DGROUP   M=LibDelphi ACBP=A9
 0004:0004D8AC 00000004 C=BSS      S=.bss     G=DGROUP   M=LibJpegDelphi ACBP=A9
 0004:0004D8B0 00000004 C=BSS      S=.bss     G=DGROUP   M=ZLibDelphi ACBP=A9
 0004:0004D8B4 000003CC C=BSS      S=.bss     G=DGROUP   M=LibTiffDelphi ACBP=A9
 0004:0004DC80 00000004 C=BSS      S=.bss     G=DGROUP   M=ImagingTiff ACBP=A9
 0004:0004DC84 00000004 C=BSS      S=.bss     G=DGROUP   M=ImagingPsd ACBP=A9
 0004:0004DC88 00000004 C=BSS      S=.bss     G=DGROUP   M=ImagingPcx ACBP=A9
 0004:0004DC8C 00000004 C=BSS      S=.bss     G=DGROUP   M=ImagingXpm ACBP=A9
 0004:0004DC90 00000004 C=BSS      S=.bss     G=DGROUP   M=ImagingExtras ACBP=A9
 0004:0004DC94 000003AC C=BSS      S=.bss     G=DGROUP   M=Imaging  ACBP=A9
 0004:0004E040 00000004 C=BSS      S=.bss     G=DGROUP   M=ImagingComponents ACBP=A9
 0004:0004E044 00000004 C=BSS      S=.bss     G=DGROUP   M=imjidctint ACBP=A9


  Address             Publics by Name

 0002:0000064C       .VampyreImagingPackage.D2009..VampyreImagingPackage.D2009
 0001:000A7408       .VampyreImagingPackage.D2009.@GetPackageInfoTable
 0001:000A7410       .VampyreImagingPackage.D2009.@PackageLoad
 0001:000A741C       .VampyreImagingPackage.D2009.@PackageUnload
 0002:00000078       Classes.Classes
 0001:000016B4       Classes.Finalization
 0001:000015B4       Classes.Point
 0001:000015BC       Classes.Rect
 0001:000015C4       Classes.RegisterClass
 0002:00000068       Classes.TBinaryWriter.Create@
 0001:000016AC       Classes.TBinaryWriter.Destroy@
 0001:0000169C       Classes.TFileStream.Create
 0001:00001614       Classes.TInterfacedPersistent.AfterConstruction
 0001:0000161C       Classes.TInterfacedPersistent.QueryInterface
 0001:000015D4       Classes.TList.Add
 0001:000015DC       Classes.TList.Get
 0001:000015E4       Classes.TList.IndexOf
 0001:000015EC       Classes.TList.Put
 0001:000015FC       Classes.TPersistent.Assign
 0001:00001604       Classes.TPersistent.AssignTo
 0001:0000160C       Classes.TPersistent.DefineProperties
 0001:000015F4       Classes.TPersistent.Destroy
 0001:00001654       Classes.TStream.GetPosition
 0001:00001664       Classes.TStream.GetSize
 0001:0000168C       Classes.TStream.ReadBuffer
 0001:0000167C       Classes.TStream.Seek
 0001:00001684       Classes.TStream.Seek
 0001:0000165C       Classes.TStream.SetPosition
 0001:0000166C       Classes.TStream.SetSize
 0001:00001674       Classes.TStream.SetSize
 0001:00001694       Classes.TStream.WriteBuffer
 0001:00001644       Classes.TStringList.Create
 0001:0000164C       Classes.TStringList.SetCaseSensitive
 0001:0000163C       Classes.TStringList.SetSorted
 0001:00001624       Classes.TStrings.GetDelimitedText
 0001:0000162C       Classes.TStrings.SetCommaText
 0001:00001634       Classes.TStrings.SetDelimiter
 0002:00000070       Classes.TThread.Create@
 0001:000016A4       Classes.TThread.Destroy@
 0001:000015CC       Classes.UnRegisterClass
 0002:00000604       DateUtils.TTimeZone.Create@
 0001:000A3180       DateUtils.TTimeZone.Destroy@
 0004:0004D878       dzlib..7
 0001:0002BC94       dzlib..ECompressionError
 0001:0002BD38       dzlib..EDecompressionError
 0001:0002BC00       dzlib..EZlibError
 0001:0002B744       dzlib..TCompressionStream
 0001:0002B5CC       dzlib..TCustomZlibStream
 0001:0002B9C4       dzlib..TDecompressionStream
 0001:0002BE74       dzlib.CCheck
 0001:0002BFB4       dzlib.CompressBuf
 0001:0002BF14       dzlib.DCheck
 0001:0002C180       dzlib.DecompressBuf
 0002:0000041C       dzlib.dzlib
 0001:0002CA1C       dzlib.Finalization
 0003:00004E68       dzlib.Levels
 0001:0002C3B0       dzlib.TCompressionStream.Create
 0001:0002C460       dzlib.TCompressionStream.Destroy
 0001:0002C6DC       dzlib.TCompressionStream.GetCompressionRate
 0001:0002C584       dzlib.TCompressionStream.Read
 0001:0002C674       dzlib.TCompressionStream.Seek
 0001:0002C5DC       dzlib.TCompressionStream.Write
 0001:0002C340       dzlib.TCustomZlibStream.Create
 0001:0002C39C       dzlib.TCustomZlibStream.Progress
 0001:0002C730       dzlib.TDecompressionStream.Create
 0001:0002C7D0       dzlib.TDecompressionStream.Destroy
 0001:0002C800       dzlib.TDecompressionStream.Read
 0001:0002C90C       dzlib.TDecompressionStream.Seek
 0001:0002C8B4       dzlib.TDecompressionStream.Write
 0003:00004E40       dzlib.ZErrorMessages
 0001:0002BE60       dzlib.zlibAllocMem
 0001:0002BE6C       dzlib.zlibFreeMem
 0002:00000028       ExcUtils.ExcUtils
 0001:00001484       ExcUtils.Finalization
 0001:000A32D8       Graphics.Finalization
 0002:0000062C       Graphics.Graphics
 0001:000A3208       Graphics.TBitmap.Assign
 0001:000A3210       Graphics.TBitmap.Changed
 0001:000A31F8       Graphics.TBitmap.Create
 0001:000A3200       Graphics.TBitmap.Destroy
 0001:000A3218       Graphics.TBitmap.Draw
 0001:000A3220       Graphics.TBitmap.DrawTransparent
 0001:000A3230       Graphics.TBitmap.GetCanvas
 0001:000A3228       Graphics.TBitmap.GetEmpty
 0001:000A3238       Graphics.TBitmap.GetHandle
 0001:000A3240       Graphics.TBitmap.GetHeight
 0001:000A3248       Graphics.TBitmap.GetMaskHandle
 0001:000A3250       Graphics.TBitmap.GetPalette
 0001:000A3258       Graphics.TBitmap.GetPixelFormat
 0001:000A3260       Graphics.TBitmap.GetScanline
 0001:000A3268       Graphics.TBitmap.GetSupportsPartialTransparency
 0001:000A3278       Graphics.TBitmap.GetWidth
 0001:000A3280       Graphics.TBitmap.LoadFromClipboardFormat
 0001:000A3288       Graphics.TBitmap.ReadData
 0001:000A32C8       Graphics.TBitmap.SaveToClipboardFormat
 0001:000A32C0       Graphics.TBitmap.SaveToStream
 0001:000A3270       Graphics.TBitmap.SetAlphaFormat
 0001:000A3290       Graphics.TBitmap.SetHandleType
 0001:000A3298       Graphics.TBitmap.SetHeight
 0001:000A32A0       Graphics.TBitmap.SetPalette
 0001:000A32A8       Graphics.TBitmap.SetPixelFormat
 0001:000A32D0       Graphics.TBitmap.SetSize
 0001:000A32B0       Graphics.TBitmap.SetWidth
 0001:000A32B8       Graphics.TBitmap.WriteData
 0001:000A31A8       Graphics.TCanvas.GetHandle
 0001:000A31B0       Graphics.TGraphic.DefineProperties
 0001:000A31C0       Graphics.TGraphic.Equals
 0001:000A31B8       Graphics.TGraphic.Equals
 0001:000A31C8       Graphics.TGraphic.GetTransparent
 0001:000A31D0       Graphics.TGraphic.LoadFromFile
 0001:000A31D8       Graphics.TGraphic.SaveToFile
 0001:000A31E0       Graphics.TGraphic.SetTransparent
 0001:000A31E8       Graphics.TPicture.RegisterFileFormat
 0001:000A31F0       Graphics.TPicture.UnregisterGraphicClass
 0004:0004D864       imadler..1
 0001:00027320       imadler.adler32
 0001:000273A4       imadler.Finalization
 0002:000003F4       imadler.imadler
 0004:0004DC94       Imaging..3
 0001:0009A078       Imaging..EImagingError
 0001:0009A22C       Imaging..TImageFileFormat
 0001:0009AB7C       Imaging..TOptionStack
 0001:000A1C08       Imaging.CheckOptionValue
 0001:0009C5D0       Imaging.CloneImage
 0003:0002D700       Imaging.ColorReductionMask
 0001:0009C728       Imaging.ConvertImage
 0001:000A08A4       Imaging.CopyPalette
 0001:0009F6AC       Imaging.CopyRect
 0003:0002D6F0       Imaging.DefaultImageFormat
 0001:0009B158       Imaging.DetermineFileFormat
 0001:0009B488       Imaging.DetermineMemoryFormat
 0001:0009B324       Imaging.DetermineStreamFormat
 0001:0009B614       Imaging.EnumFileFormats
 0001:000A0D6C       Imaging.FillCustomPalette
 0001:000A0C1C       Imaging.FillGrayscalePalette
 0001:0009F8FC       Imaging.FillRect
 0001:000A3124       Imaging.Finalization
 0001:000A0A20       Imaging.FindColor
 0001:000A1704       Imaging.FindImageFileFormatByClass
 0001:000A166C       Imaging.FindImageFileFormatByExt
 0001:000A16B8       Imaging.FindImageFileFormatByName
 0001:0009DAB0       Imaging.FindNearestColor
 0001:0009CBD4       Imaging.FlipImage
 0001:0009AFE0       Imaging.FreeImage
 0001:000A1CB8       Imaging.FreeImageFileFormats
 0001:0009B0B4       Imaging.FreeImagesInArray
 0001:000A1D28       Imaging.FreeOptions
 0001:000A0808       Imaging.FreePalette
 0001:0009D87C       Imaging.GenerateMipMaps
 0001:000A1768       Imaging.GetFileFormatAtIndex
 0001:000A175C       Imaging.GetFileFormatCount
 0001:000A1ABC       Imaging.GetFileNameFilterIndex
 0001:000A1A18       Imaging.GetFilterIndexExtension
 0001:000A1280       Imaging.GetFormatName
 0001:000A178C       Imaging.GetImageFileFormatsFilter
 0001:000A11DC       Imaging.GetImageFormatInfo
 0001:000A1B2C       Imaging.GetIO
 0001:000A118C       Imaging.GetOption
 0001:000A05DC       Imaging.GetPixel32
 0001:000A0328       Imaging.GetPixelDirect
 0001:000A064C       Imaging.GetPixelFP
 0001:000A1214       Imaging.GetPixelsSize
 0001:000A142C       Imaging.GetVersionStr
 0001:000A149C       Imaging.IffFormat
 0003:0002D6F4       Imaging.ImageFileFormats
 0004:0004DCB8       Imaging.ImageFormatInfos
 0001:000A12B4       Imaging.ImageToStr
 0002:0000058C       Imaging.Imaging
 0001:0009AD08       Imaging.InitImage
 0001:000A1CAC       Imaging.InitImageFormats
 0001:000A1CF8       Imaging.InitOptions
 0004:0004DC98       Imaging.IO
 0001:0009B600       Imaging.IsFileFormatSupported
 0001:0009B6F4       Imaging.LoadImageFromFile
 0001:0009B9FC       Imaging.LoadImageFromMemory
 0001:0009B858       Imaging.LoadImageFromStream
 0001:0009BB78       Imaging.LoadMultiImageFromFile
 0001:0009BC84       Imaging.LoadMultiImageFromFileEx
 0001:0009BECC       Imaging.LoadMultiImageFromMemory
 0001:0009BD80       Imaging.LoadMultiImageFromStream
 0003:0002D704       Imaging.LoadOverrideFormat
 0001:0009E1D4       Imaging.MakePaletteForImages
 0001:0009DB44       Imaging.MapImageToPalette
 0003:0002D70C       Imaging.MipMapFilter
 0001:0009CD88       Imaging.MirrorImage
 0001:0009AD18       Imaging.NewImage
 0001:000A06C4       Imaging.NewPalette
 0003:0002D6F8       Imaging.Options
 0003:0002D6FC       Imaging.OptionStack
 0001:000A11D0       Imaging.PopOptions
 0001:000A11C4       Imaging.PushOptions
 0001:000A1B40       Imaging.RaiseImaging
 0001:0009D694       Imaging.ReduceColors
 0001:000A14A8       Imaging.RegisterImageFileFormat
 0001:000A1574       Imaging.RegisterOption
 0001:0009FBF0       Imaging.ReplaceColor
 0001:000A1264       Imaging.ResetFileIO
 0001:0009D16C       Imaging.ResizeImage
 0001:0009EBA0       Imaging.Rotate45
 0001:0009F448       Imaging.RotateImage
 0001:0009F028       Imaging.RotateMul90
 0001:0009BFE8       Imaging.SaveImageToFile
 0001:0009C244       Imaging.SaveImageToMemory
 0001:0009C114       Imaging.SaveImageToStream
 0001:0009C384       Imaging.SaveMultiImageToFile
 0001:0009C4FC       Imaging.SaveMultiImageToMemory
 0001:0009C43C       Imaging.SaveMultiImageToStream
 0003:0002D708       Imaging.SaveOverrideFormat
 0001:000A1C64       Imaging.SetFileIO
 0001:000A1C94       Imaging.SetMemoryIO
 0001:000A1148       Imaging.SetOption
 0001:000A0614       Imaging.SetPixel32
 0001:000A0484       Imaging.SetPixelDirect
 0001:000A068C       Imaging.SetPixelFP
 0001:000A1C7C       Imaging.SetStreamIO
 0001:000A122C       Imaging.SetUserFileIO
 0001:0009DD44       Imaging.SplitImage
 0001:000A0050       Imaging.StretchRect
 0001:0009D35C       Imaging.SwapChannels
 0001:000A0FC0       Imaging.SwapChannelsOfPalette
 0001:0009AF5C       Imaging.TestImage
 0001:0009B104       Imaging.TestImagesInArray
 0001:000A1FE8       Imaging.TImageFileFormat.AddMasks
 0001:000A2FC4       Imaging.TImageFileFormat.CheckOptionsValidity
 0001:000A21E8       Imaging.TImageFileFormat.ConvertToSupported
 0001:000A1D50       Imaging.TImageFileFormat.Create
 0001:000A1DB0       Imaging.TImageFileFormat.Destroy
 0001:000A20DC       Imaging.TImageFileFormat.GetFormatInfo
 0001:000A20FC       Imaging.TImageFileFormat.GetSupportedFormats
 0001:000A21EC       Imaging.TImageFileFormat.IsSupported
 0001:000A2110       Imaging.TImageFileFormat.LoadData
 0001:000A2224       Imaging.TImageFileFormat.LoadFromFile
 0001:000A25B4       Imaging.TImageFileFormat.LoadFromMemory
 0001:000A23E0       Imaging.TImageFileFormat.LoadFromStream
 0001:000A2E5C       Imaging.TImageFileFormat.MakeCompatible
 0001:000A1E1C       Imaging.TImageFileFormat.PostLoadCheck
 0001:000A1DE8       Imaging.TImageFileFormat.PrepareLoad
 0001:000A1EA0       Imaging.TImageFileFormat.PrepareSave
 0001:000A217C       Imaging.TImageFileFormat.SaveData
 0001:000A2790       Imaging.TImageFileFormat.SaveToFile
 0001:000A2C5C       Imaging.TImageFileFormat.SaveToMemory
 0001:000A2A68       Imaging.TImageFileFormat.SaveToStream
 0001:000A2F2C       Imaging.TImageFileFormat.TestFileName
 0001:000A2F28       Imaging.TImageFileFormat.TestFormat
 0001:000A2FC8       Imaging.TOptionStack.Create
 0001:000A3004       Imaging.TOptionStack.Destroy
 0001:000A304C       Imaging.TOptionStack.Pop
 0001:000A30B8       Imaging.TOptionStack.Push
 0001:0009E58C       Imaging.XShear
 0001:0009E894       Imaging.YShear
 0004:0004C5D0       ImagingBitmap..2
 0001:0000B220       ImagingBitmap..TBitmapFileFormat
 0003:00000C34       ImagingBitmap.BitmapSupportedFormats
 0003:00000C52       ImagingBitmap.BMMagic
 0001:0000C5D4       ImagingBitmap.Finalization
 0002:0000021C       ImagingBitmap.ImagingBitmap
 0001:0000B47C       ImagingBitmap.LoadRGB
 0001:0000B5FC       ImagingBitmap.LoadRLE4
 0001:0000B85C       ImagingBitmap.LoadRLE8
 0001:0000BFC4       ImagingBitmap.SaveRLE8
 0001:0000C518       ImagingBitmap.TBitmapFileFormat.ConvertToSupported
 0001:0000B39C       ImagingBitmap.TBitmapFileFormat.Create
 0001:0000BA44       ImagingBitmap.TBitmapFileFormat.LoadData
 0001:0000C1D4       ImagingBitmap.TBitmapFileFormat.SaveData
 0001:0000C580       ImagingBitmap.TBitmapFileFormat.TestFormat
 0001:0000BF50       ImagingBitmap.WriteByte
 0004:0004D880       ImagingCanvases..5
 0001:0002F530       ImagingCanvases..EImagingCanvasBlendingError
 0001:0002F480       ImagingCanvases..EImagingCanvasError
 0001:00030B6C       ImagingCanvases..TFastARGB32Canvas
 0001:0002F968       ImagingCanvases..TImagingCanvas
 0003:000052F0       ImagingCanvases.CanvasClasses
 0001:00032E10       ImagingCanvases.Compare
 0001:000314B0       ImagingCanvases.CompareColors
 0003:00004E6C       ImagingCanvases.FilterAverage3x3
 0003:00004E98       ImagingCanvases.FilterAverage5x5
 0003:00005240       ImagingCanvases.FilterEdgeEnhance3x3
 0003:000052C4       ImagingCanvases.FilterEmboss3x3
 0003:00004F04       ImagingCanvases.FilterGaussian3x3
 0003:00004F30       ImagingCanvases.FilterGaussian5x5
 0003:000051D4       ImagingCanvases.FilterGlow5x5
 0003:0000504C       ImagingCanvases.FilterKirshHorz3x3
 0003:00005078       ImagingCanvases.FilterKirshVert3x3
 0003:000050A4       ImagingCanvases.FilterLaplace3x3
 0003:000050D0       ImagingCanvases.FilterLaplace5x5
 0003:000052F4       ImagingCanvases.FilterMapping
 0003:00005298       ImagingCanvases.FilterNegative3x3
 0003:00004FF4       ImagingCanvases.FilterPrewittHorz3x3
 0003:00005020       ImagingCanvases.FilterPrewittVert3x3
 0003:0000513C       ImagingCanvases.FilterSharpen3x3
 0003:00005168       ImagingCanvases.FilterSharpen5x5
 0003:00004F9C       ImagingCanvases.FilterSobelHorz3x3
 0003:00004FC8       ImagingCanvases.FilterSobelVert3x3
 0003:0000526C       ImagingCanvases.FilterTraceControur3x3
 0001:000348DC       ImagingCanvases.Finalization
 0001:00030FC8       ImagingCanvases.FindBestCanvasForImage
 0001:00030FD4       ImagingCanvases.FindBestCanvasForImage
 0001:00030F64       ImagingCanvases.FindBestCanvasForImage
 0002:0000042C       ImagingCanvases.ImagingCanvases
 0001:000316EC       ImagingCanvases.MaxSelect
 0001:000315E0       ImagingCanvases.MedianSelect
 0001:00031628       ImagingCanvases.MinSelect
 0001:00031454       ImagingCanvases.PixelAddProc
 0001:00031394       ImagingCanvases.PixelAlphaProc
 0001:00030FE8       ImagingCanvases.PixelBlendProc
 0001:00032DD0       ImagingCanvases.Pop
 0001:00032D48       ImagingCanvases.Push
 0001:000314EC       ImagingCanvases.QuickSort
 0001:00030E88       ImagingCanvases.RegisterCanvas
 0001:00033FF8       ImagingCanvases.TFastARGB32Canvas.AlphaBlendPixels
 0001:00033FC4       ImagingCanvases.TFastARGB32Canvas.Destroy
 0001:00034094       ImagingCanvases.TFastARGB32Canvas.DrawAlpha
 0001:00034234       ImagingCanvases.TFastARGB32Canvas.GetPixel32
 0001:00034868       ImagingCanvases.TFastARGB32Canvas.GetSupportedFormats
 0001:0003489C       ImagingCanvases.TFastARGB32Canvas.InvertColors
 0001:00034244       ImagingCanvases.TFastARGB32Canvas.SetPixel32
 0001:00034270       ImagingCanvases.TFastARGB32Canvas.StretchDrawAlpha
 0001:0003481C       ImagingCanvases.TFastARGB32Canvas.UpdateCanvasState
 0001:00033CA0       ImagingCanvases.TImagingCanvas.AdjustColorLevels
 0001:00033690       ImagingCanvases.TImagingCanvas.ApplyConvolution
 0001:000338EC       ImagingCanvases.TImagingCanvas.ApplyConvolution3x3
 0001:00033910       ImagingCanvases.TImagingCanvas.ApplyConvolution5x5
 0001:00033B54       ImagingCanvases.TImagingCanvas.ApplyMaxFilter
 0001:00033B3C       ImagingCanvases.TImagingCanvas.ApplyMedianFilter
 0001:00033B48       ImagingCanvases.TImagingCanvas.ApplyMinFilter
 0001:00033934       ImagingCanvases.TImagingCanvas.ApplyNonLinearFilter
 0001:00031DE4       ImagingCanvases.TImagingCanvas.CheckBeforeBlending
 0001:000320BC       ImagingCanvases.TImagingCanvas.Clear
 0001:000320F0       ImagingCanvases.TImagingCanvas.ClipAxisParallelLine
 0001:00032228       ImagingCanvases.TImagingCanvas.CopyPixelInternal
 0001:00031A38       ImagingCanvases.TImagingCanvas.CreateForData
 0001:00031BC8       ImagingCanvases.TImagingCanvas.CreateForImage
 0001:00031C00       ImagingCanvases.TImagingCanvas.Destroy
 0001:000331A8       ImagingCanvases.TImagingCanvas.DrawAdd
 0001:00033188       ImagingCanvases.TImagingCanvas.DrawAlpha
 0001:00033164       ImagingCanvases.TImagingCanvas.DrawBlend
 0001:0003303C       ImagingCanvases.TImagingCanvas.DrawInternal
 0001:000328FC       ImagingCanvases.TImagingCanvas.Ellipse
 0001:00033E40       ImagingCanvases.TImagingCanvas.FillChannel
 0001:00033EEC       ImagingCanvases.TImagingCanvas.FillChannelFP
 0001:000327DC       ImagingCanvases.TImagingCanvas.FillRect
 0001:00032840       ImagingCanvases.TImagingCanvas.FillRectBlend
 0001:00032E58       ImagingCanvases.TImagingCanvas.FloodFill
 0001:00032754       ImagingCanvases.TImagingCanvas.FrameRect
 0001:00033C54       ImagingCanvases.TImagingCanvas.GammaCorection
 0001:00033CF4       ImagingCanvases.TImagingCanvas.GetHistogram
 0001:00031C28       ImagingCanvases.TImagingCanvas.GetPixel32
 0001:00031C44       ImagingCanvases.TImagingCanvas.GetPixelFP
 0001:00032020       ImagingCanvases.TImagingCanvas.GetPixelPointer
 0001:00033F90       ImagingCanvases.TImagingCanvas.GetSupportedFormats
 0001:00031C68       ImagingCanvases.TImagingCanvas.GetValid
 0001:00032274       ImagingCanvases.TImagingCanvas.HorzLine
 0001:00032138       ImagingCanvases.TImagingCanvas.HorzLineInternal
 0001:00033C70       ImagingCanvases.TImagingCanvas.InvertColors
 0001:000323E0       ImagingCanvases.TImagingCanvas.Line
 0001:00033C10       ImagingCanvases.TImagingCanvas.ModifyContrastBrightness
 0001:00033B60       ImagingCanvases.TImagingCanvas.PointTransform
 0001:00033CCC       ImagingCanvases.TImagingCanvas.PremultiplyAlpha
 0001:000328E0       ImagingCanvases.TImagingCanvas.Rectangle
 0001:0003208C       ImagingCanvases.TImagingCanvas.ResetClipRect
 0001:00031D7C       ImagingCanvases.TImagingCanvas.SetClipRect
 0001:00031D38       ImagingCanvases.TImagingCanvas.SetFillColor32
 0001:00031D58       ImagingCanvases.TImagingCanvas.SetFillColorFP
 0001:00031CD8       ImagingCanvases.TImagingCanvas.SetPenColor32
 0001:00031CF8       ImagingCanvases.TImagingCanvas.SetPenColorFP
 0001:00031D1C       ImagingCanvases.TImagingCanvas.SetPenWidth
 0001:00031C80       ImagingCanvases.TImagingCanvas.SetPixel32
 0001:00031CAC       ImagingCanvases.TImagingCanvas.SetPixelFP
 0001:00033670       ImagingCanvases.TImagingCanvas.StretchDrawAdd
 0001:00033650       ImagingCanvases.TImagingCanvas.StretchDrawAlpha
 0001:0003362C       ImagingCanvases.TImagingCanvas.StretchDrawBlend
 0001:00033208       ImagingCanvases.TImagingCanvas.StretchDrawInternal
 0001:00033C84       ImagingCanvases.TImagingCanvas.Threshold
 0001:00032048       ImagingCanvases.TImagingCanvas.TranslateFPToNative
 0001:0003203C       ImagingCanvases.TImagingCanvas.TranslateFPToNative
 0001:00033CE0       ImagingCanvases.TImagingCanvas.UnPremultiplyAlpha
 0001:00032068       ImagingCanvases.TImagingCanvas.UpdateCanvasState
 0001:0003232C       ImagingCanvases.TImagingCanvas.VertLine
 0001:000317B0       ImagingCanvases.TransformContrastBrightness
 0001:000317E4       ImagingCanvases.TransformGamma
 0001:00031850       ImagingCanvases.TransformInvert
 0001:0003190C       ImagingCanvases.TransformLevels
 0001:000319BC       ImagingCanvases.TransformPremultiplyAlpha
 0001:00031888       ImagingCanvases.TransformThreshold
 0001:000319E8       ImagingCanvases.TransformUnPremultiplyAlpha
 0004:0004D87C       ImagingClasses..4
 0001:0002CA24       ImagingClasses..TBaseImage
 0001:0002D51C       ImagingClasses..TMultiImage
 0001:0002D2AC       ImagingClasses..TSingleImage
 0001:0002F478       ImagingClasses.Finalization
 0001:0002DE58       ImagingClasses.GetArrayFromImageData
 0002:00000424       ImagingClasses.ImagingClasses
 0001:0002E330       ImagingClasses.TBaseImage.CopyTo
 0001:0002DE88       ImagingClasses.TBaseImage.Create
 0001:0002DEBC       ImagingClasses.TBaseImage.CreateFromImage
 0001:0002DF00       ImagingClasses.TBaseImage.Destroy
 0001:0002E1A8       ImagingClasses.TBaseImage.DoDataSizeChanged
 0001:0002E1C4       ImagingClasses.TBaseImage.DoPixelsChanged
 0001:0002E268       ImagingClasses.TBaseImage.Flip
 0001:0002E024       ImagingClasses.TBaseImage.GetBits
 0001:0002E0C8       ImagingClasses.TBaseImage.GetBoundsRect
 0001:0002DF60       ImagingClasses.TBaseImage.GetFormat
 0001:0002E074       ImagingClasses.TBaseImage.GetFormatInfo
 0001:0002DF44       ImagingClasses.TBaseImage.GetHeight
 0001:0002E040       ImagingClasses.TBaseImage.GetPalette
 0001:0002E05C       ImagingClasses.TBaseImage.GetPaletteEntries
 0001:0002DFC4       ImagingClasses.TBaseImage.GetPixelPointer
 0001:0002DF7C       ImagingClasses.TBaseImage.GetScanLine
 0001:0002E008       ImagingClasses.TBaseImage.GetSize
 0001:0002E0A8       ImagingClasses.TBaseImage.GetValid
 0001:0002DF28       ImagingClasses.TBaseImage.GetWidth
 0001:0002E5E0       ImagingClasses.TBaseImage.LoadFromFile
 0001:0002E608       ImagingClasses.TBaseImage.LoadFromStream
 0001:0002E2A8       ImagingClasses.TBaseImage.Mirror
 0001:0002E1D8       ImagingClasses.TBaseImage.RecreateImageData
 0001:0002E46C       ImagingClasses.TBaseImage.ReplaceColor
 0001:0002E210       ImagingClasses.TBaseImage.Resize
 0001:0002E2E8       ImagingClasses.TBaseImage.Rotate
 0001:0002E630       ImagingClasses.TBaseImage.SaveToFile
 0001:0002E66C       ImagingClasses.TBaseImage.SaveToStream
 0001:0002E164       ImagingClasses.TBaseImage.SetFormat
 0001:0002E138       ImagingClasses.TBaseImage.SetHeight
 0001:0002E10C       ImagingClasses.TBaseImage.SetWidth
 0001:0002E3C8       ImagingClasses.TBaseImage.StretchTo
 0001:0002E4CC       ImagingClasses.TBaseImage.SwapChannels
 0001:0002E514       ImagingClasses.TBaseImage.ToString
 0001:0002EF8C       ImagingClasses.TMultiImage.AddImage
 0001:0002EF60       ImagingClasses.TMultiImage.AddImage
 0001:0002EFF0       ImagingClasses.TMultiImage.AddImage
 0001:0002F084       ImagingClasses.TMultiImage.AddImages
 0001:0002F0A0       ImagingClasses.TMultiImage.AddImages
 0001:0002EE7C       ImagingClasses.TMultiImage.Assign
 0001:0002F2F4       ImagingClasses.TMultiImage.ConvertImages
 0001:0002E900       ImagingClasses.TMultiImage.Create
 0001:0002E9DC       ImagingClasses.TMultiImage.CreateFromArray
 0001:0002EAE0       ImagingClasses.TMultiImage.CreateFromFile
 0001:0002E944       ImagingClasses.TMultiImage.CreateFromParams
 0001:0002EB18       ImagingClasses.TMultiImage.CreateFromStream
 0001:0002F264       ImagingClasses.TMultiImage.DeleteImage
 0001:0002EB50       ImagingClasses.TMultiImage.Destroy
 0001:0002EDEC       ImagingClasses.TMultiImage.DoInsertImages
 0001:0002EE40       ImagingClasses.TMultiImage.DoInsertNew
 0001:0002F1D8       ImagingClasses.TMultiImage.ExchangeImages
 0001:0002EC44       ImagingClasses.TMultiImage.GetAllImagesValid
 0001:0002EC64       ImagingClasses.TMultiImage.GetImage
 0001:0002EB8C       ImagingClasses.TMultiImage.GetImageCount
 0001:0002F134       ImagingClasses.TMultiImage.InsertImage
 0001:0002F0D8       ImagingClasses.TMultiImage.InsertImage
 0001:0002F0C0       ImagingClasses.TMultiImage.InsertImage
 0001:0002F1C0       ImagingClasses.TMultiImage.InsertImages
 0001:0002F1CC       ImagingClasses.TMultiImage.InsertImages
 0001:0002F3AC       ImagingClasses.TMultiImage.LoadFromFile
 0001:0002F3D8       ImagingClasses.TMultiImage.LoadFromStream
 0001:0002F404       ImagingClasses.TMultiImage.LoadMultiFromFile
 0001:0002F420       ImagingClasses.TMultiImage.LoadMultiFromFileEx
 0001:0002F444       ImagingClasses.TMultiImage.LoadMultiFromStream
 0001:0002ED20       ImagingClasses.TMultiImage.PrepareInsert
 0001:0002F328       ImagingClasses.TMultiImage.ResizeImages
 0001:0002F370       ImagingClasses.TMultiImage.ReverseImages
 0001:0002F460       ImagingClasses.TMultiImage.SaveMultiToFile
 0001:0002F46C       ImagingClasses.TMultiImage.SaveMultiToStream
 0001:0002EB80       ImagingClasses.TMultiImage.SetActiveImage
 0001:0002EC94       ImagingClasses.TMultiImage.SetImage
 0001:0002EB98       ImagingClasses.TMultiImage.SetImageCount
 0001:0002ECD4       ImagingClasses.TMultiImage.SetPointer
 0001:0002E868       ImagingClasses.TSingleImage.Assign
 0001:0002E6B0       ImagingClasses.TSingleImage.Create
 0001:0002E748       ImagingClasses.TSingleImage.CreateFromData
 0001:0002E7A8       ImagingClasses.TSingleImage.CreateFromFile
 0001:0002E6F8       ImagingClasses.TSingleImage.CreateFromParams
 0001:0002E7EC       ImagingClasses.TSingleImage.CreateFromStream
 0001:0002E830       ImagingClasses.TSingleImage.Destroy
 0001:0002E860       ImagingClasses.TSingleImage.SetPointer
 0004:0004C5D4       ImagingColors..1
 0001:0000CFE8       ImagingColors.CMYKToRGB
 0001:0000D1B4       ImagingColors.CMYKToRGB16
 0001:0000CE2C       ImagingColors.CMYToRGB
 0001:0000CE80       ImagingColors.CMYToRGB16
 0001:0000D378       ImagingColors.Finalization
 0002:00000230       ImagingColors.ImagingColors
 0001:0000CE08       ImagingColors.RGBToCMY
 0001:0000CE50       ImagingColors.RGBToCMY16
 0001:0000CEB0       ImagingColors.RGBToCMYK
 0001:0000D06C       ImagingColors.RGBToCMYK16
 0001:0000C8C8       ImagingColors.RGBToYCbCr
 0001:0000CB68       ImagingColors.RGBToYCbCr16
 0001:0000D23C       ImagingColors.RGBToYCoCg
 0001:0000C5DC       ImagingColors.RGBToYUV
 0001:0000CA48       ImagingColors.YCbCrToRGB
 0001:0000CCE8       ImagingColors.YCbCrToRGB16
 0001:0000D2F8       ImagingColors.YCoCgToRGB
 0001:0000C764       ImagingColors.YUVToRGB
 0004:0004E040       ImagingComponents..01
 0001:000A388C       ImagingComponents..TImagingBitmap
 0001:000A40C0       ImagingComponents..TImagingDDS
 0001:000A3CFC       ImagingComponents..TImagingGIF
 0001:000A32E0       ImagingComponents..TImagingGraphic
 0001:000A35FC       ImagingComponents..TImagingGraphicForSave
 0001:000A464C       ImagingComponents..TImagingJNG
 0001:000A3AA4       ImagingComponents..TImagingJpeg
 0001:000A42D8       ImagingComponents..TImagingMNG
 0001:000A3E58       ImagingComponents..TImagingTarga
 0001:000A4F04       ImagingComponents.ConvertBitmapToData
 0001:000A50B4       ImagingComponents.ConvertBitmapToImage
 0001:000A4CA0       ImagingComponents.ConvertDataToBitmap
 0001:000A50A8       ImagingComponents.ConvertImageToBitmap
 0001:000A4C30       ImagingComponents.DataFormatToPixelFormat
 0001:000A5394       ImagingComponents.DisplayImage
 0001:000A53C0       ImagingComponents.DisplayImage
 0001:000A531C       ImagingComponents.DisplayImage
 0001:000A52F4       ImagingComponents.DisplayImageData
 0001:000A50C0       ImagingComponents.DisplayImageDataOnDC
 0001:000A5C68       ImagingComponents.Finalization
 0002:00000634       ImagingComponents.ImagingComponents
 0001:000A4C58       ImagingComponents.PixelFormatToDataFormat
 0001:000A4A38       ImagingComponents.RegisterFileFormat
 0001:000A49A4       ImagingComponents.RegisterFileFormatAllInOne
 0001:000A4AD0       ImagingComponents.RegisterTypes
 0001:000A574C       ImagingComponents.TImagingBitmap.Create
 0001:000A57A0       ImagingComponents.TImagingBitmap.GetFileFormat
 0001:000A57AC       ImagingComponents.TImagingBitmap.SaveToStream
 0001:000A5920       ImagingComponents.TImagingDDS.Create
 0001:000A595C       ImagingComponents.TImagingDDS.GetFileFormat
 0001:000A5968       ImagingComponents.TImagingDDS.SaveToStream
 0001:000A5888       ImagingComponents.TImagingGIF.GetFileFormat
 0001:000A5530       ImagingComponents.TImagingGraphic.Assign
 0001:000A5560       ImagingComponents.TImagingGraphic.AssignFromImage
 0001:000A55B4       ImagingComponents.TImagingGraphic.AssignFromImageData
 0001:000A5480       ImagingComponents.TImagingGraphic.AssignTo
 0001:000A55A0       ImagingComponents.TImagingGraphic.AssignToImage
 0001:000A55D4       ImagingComponents.TImagingGraphic.AssignToImageData
 0001:000A53D8       ImagingComponents.TImagingGraphic.Create
 0001:000A5418       ImagingComponents.TImagingGraphic.LoadFromStream
 0001:000A5420       ImagingComponents.TImagingGraphic.ReadDataFromStream
 0001:000A55F0       ImagingComponents.TImagingGraphicForSave.Create
 0001:000A385C       ImagingComponents.TImagingGraphicForSave.GetFileFormat
 0001:000A5740       ImagingComponents.TImagingGraphicForSave.SaveToStream
 0001:000A568C       ImagingComponents.TImagingGraphicForSave.WriteDataToStream
 0001:000A5B40       ImagingComponents.TImagingJNG.Create
 0001:000A5BFC       ImagingComponents.TImagingJNG.GetFileFormat
 0001:000A5C08       ImagingComponents.TImagingJNG.SaveToStream
 0001:000A57D8       ImagingComponents.TImagingJpeg.Create
 0001:000A5844       ImagingComponents.TImagingJpeg.GetFileFormat
 0001:000A5850       ImagingComponents.TImagingJpeg.SaveToStream
 0001:000A59EC       ImagingComponents.TImagingMNG.Create
 0001:000A5AC4       ImagingComponents.TImagingMNG.GetFileFormat
 0001:000A5AD0       ImagingComponents.TImagingMNG.SaveToStream
 0001:000A5894       ImagingComponents.TImagingTarga.Create
 0001:000A58E8       ImagingComponents.TImagingTarga.GetFileFormat
 0001:000A58F4       ImagingComponents.TImagingTarga.SaveToStream
 0001:000A4B90       ImagingComponents.UnRegisterTypes
 0004:0004D88C       ImagingDds..2
 0001:0003C2F0       ImagingDds..TDDSFileFormat
 0003:00005488       ImagingDds.DDSSupportedFormats
 0001:0003D66C       ImagingDds.Finalization
 0002:0000047C       ImagingDds.ImagingDds
 0001:0003C940       ImagingDds.MasksEqual
 0001:0003C7DC       ImagingDds.TDDSFileFormat.CheckOptionsValidity
 0001:0003C810       ImagingDds.TDDSFileFormat.ComputeSubDimensions
 0001:0003D578       ImagingDds.TDDSFileFormat.ConvertToSupported
 0001:0003C6A0       ImagingDds.TDDSFileFormat.Create
 0001:0003C968       ImagingDds.TDDSFileFormat.LoadData
 0001:0003D048       ImagingDds.TDDSFileFormat.SaveData
 0001:0003D5F4       ImagingDds.TDDSFileFormat.TestFormat
 0004:0004DC90       ImagingExtras..1
 0001:0009A070       ImagingExtras.Finalization
 0002:00000584       ImagingExtras.ImagingExtras
 0004:0000047C       ImagingFormats..1
 0003:0000099A       ImagingFormats.A16B16G16R16FInfo
 0003:00000778       ImagingFormats.A16B16G16R16Info
 0003:0000027E       ImagingFormats.A16Gray16Info
 0003:0000093F       ImagingFormats.A16R16G16B16FInfo
 0003:000006C2       ImagingFormats.A16R16G16B16Info
 0003:000003EA       ImagingFormats.A1R5G5B5Info
 0003:00000889       ImagingFormats.A32B32G32R32FInfo
 0003:0000082E       ImagingFormats.A32R32G32B32FInfo
 0003:00000445       ImagingFormats.A4R4G4B4Info
 0003:00000112       ImagingFormats.A8Gray8Info
 0003:000005B1       ImagingFormats.A8R8G8B8Info
 0001:00005EF4       ImagingFormats.AddPadBytes
 0003:00000B61       ImagingFormats.ATI1NInfo
 0003:00000BBC       ImagingFormats.ATI2NInfo
 0003:0000071D       ImagingFormats.B16G16R16Info
 0004:00020548       ImagingFormats.Box
 0004:0004C548       ImagingFormats.Boxes
 0003:00000B06       ImagingFormats.BTCInfo
 0001:00004C6C       ImagingFormats.BuildMappingTable
 0001:00003CE8       ImagingFormats.ChangeBox
 0001:0000649C       ImagingFormats.ChannelGetSrcPixel
 0001:0000676C       ImagingFormats.ChannelSetDstPixel
 0001:00007470       ImagingFormats.ChannelToChannel
 0001:00007654       ImagingFormats.ChannelToFloat
 0001:00007544       ImagingFormats.ChannelToGray
 0001:000076F4       ImagingFormats.ChannelToIndex
 0001:0000A0C4       ImagingFormats.CheckDXTDimensions
 0001:00009EC0       ImagingFormats.CheckSize
 0001:0000A07C       ImagingFormats.CheckStdDimensions
 0001:00005E44       ImagingFormats.ClampFloatPixel
 0001:00003AF8       ImagingFormats.Color24
 0001:00003B0C       ImagingFormats.Color32
 0001:00003B28       ImagingFormats.Color48
 0001:00003B40       ImagingFormats.Color64
 0001:00006410       ImagingFormats.ColorFloatToHalf
 0001:00003B60       ImagingFormats.ColorFP
 0001:000063C4       ImagingFormats.ColorHalfToFloat
 0001:00003B80       ImagingFormats.ColorHF
 0001:00005CF8       ImagingFormats.ComparePixels
 0001:00005F8C       ImagingFormats.Convert1To8
 0001:00006008       ImagingFormats.Convert2To8
 0001:0000607C       ImagingFormats.Convert4To8
 0001:00009EFC       ImagingFormats.ConvertSpecial
 0001:00005C60       ImagingFormats.CopyPixel
 0001:00003BA0       ImagingFormats.CreateHistogram
 0001:00009B8C       ImagingFormats.DecodeATI1N
 0001:00009C74       ImagingFormats.DecodeATI2N
 0001:00009AC0       ImagingFormats.DecodeBTC
 0001:000083D0       ImagingFormats.DecodeDXT1
 0001:000086AC       ImagingFormats.DecodeDXT3
 0001:00008A80       ImagingFormats.DecodeDXT5
 0003:000009F5       ImagingFormats.DXT1Info
 0003:00000A50       ImagingFormats.DXT3Info
 0003:00000AAB       ImagingFormats.DXT5Info
 0001:000098EC       ImagingFormats.EncodeATI1N
 0001:000099A4       ImagingFormats.EncodeATI2N
 0001:00009720       ImagingFormats.EncodeBTC
 0001:000093E8       ImagingFormats.EncodeDXT1
 0001:00009504       ImagingFormats.EncodeDXT3
 0001:00009618       ImagingFormats.EncodeDXT5
 0001:00005AB0       ImagingFormats.FillMipMapLevel
 0001:00004170       ImagingFormats.FillOutputPalette
 0001:00004B68       ImagingFormats.FilterCatmullRom
 0001:00004748       ImagingFormats.FilterCosine
 0001:00004898       ImagingFormats.FilterGaussian
 0001:000047A4       ImagingFormats.FilterHermite
 0001:000049F0       ImagingFormats.FilterLanczos
 0001:000046F8       ImagingFormats.FilterLinear
 0001:00004A60       ImagingFormats.FilterMitchell
 0001:000046B8       ImagingFormats.FilterNearest
 0001:00004810       ImagingFormats.FilterQuadratic
 0001:000048E4       ImagingFormats.FilterSpline
 0001:0000A578       ImagingFormats.Finalization
 0001:00005250       ImagingFormats.FindExtremes
 0004:00000544       ImagingFormats.FInfos
 0001:00008F0C       ImagingFormats.FixEndpoints
 0001:00006B44       ImagingFormats.FloatGetSrcPixel
 0001:00006C48       ImagingFormats.FloatSetDstPixel
 0001:00007CD8       ImagingFormats.FloatToChannel
 0001:00007C88       ImagingFormats.FloatToFloat
 0001:00007E78       ImagingFormats.FloatToGray
 0001:000062C8       ImagingFormats.FloatToHalf
 0001:00007FEC       ImagingFormats.FloatToIndex
 0003:00000C17       ImagingFormats.FullEdge
 0001:00008ED4       ImagingFormats.GetAlphaEndpoints
 0001:000091EC       ImagingFormats.GetAlphaMask
 0001:00008D18       ImagingFormats.GetBlock
 0001:0000A0DC       ImagingFormats.GetBTCPixelsSize
 0001:00008F40       ImagingFormats.GetColorMask
 0001:0000A080       ImagingFormats.GetDXTPixelsSize
 0001:00008DA8       ImagingFormats.GetEndpoints
 0001:0000893C       ImagingFormats.GetInterpolatedAlphas
 0001:00009884       ImagingFormats.GetOneChannelBlock
 0001:0000A22C       ImagingFormats.GetPixel32Channel8Bit
 0001:00006D50       ImagingFormats.GetPixel32Generic
 0001:0000A108       ImagingFormats.GetPixel32ifA8R8G8B8
 0001:0000A300       ImagingFormats.GetPixelFPChannel8Bit
 0001:0000A4D4       ImagingFormats.GetPixelFPFloat32
 0001:000070F4       ImagingFormats.GetPixelFPGeneric
 0001:0000A120       ImagingFormats.GetPixelFPifA8R8G8B8
 0001:00006134       ImagingFormats.GetScanLine
 0001:0000A05C       ImagingFormats.GetStdPixelsSize
 0003:0000016D       ImagingFormats.Gray16Info
 0003:000001C8       ImagingFormats.Gray32Info
 0003:00000223       ImagingFormats.Gray64Info
 0003:000000B7       ImagingFormats.Gray8Info
 0003:00000044       ImagingFormats.GrayConv
 0001:0000699C       ImagingFormats.GrayGetSrcPixel
 0001:00006A88       ImagingFormats.GraySetDstPixel
 0001:000077F4       ImagingFormats.GrayToChannel
 0001:000078BC       ImagingFormats.GrayToFloat
 0001:00007740       ImagingFormats.GrayToGray
 0001:00007968       ImagingFormats.GrayToIndex
 0001:00006214       ImagingFormats.HalfToFloat
 0001:000060F4       ImagingFormats.Has16BitImageAlpha
 0001:00006114       ImagingFormats.Has32BitImageAlpha
 0002:000000B0       ImagingFormats.ImagingFormats
 0003:0000005C       ImagingFormats.Index8Info
 0001:00006D28       ImagingFormats.IndexGetSrcPixel
 0001:00006D34       ImagingFormats.IndexSetDstPixel
 0001:0000807C       ImagingFormats.IndexToChannel
 0001:000082C0       ImagingFormats.IndexToFloat
 0001:00008178       ImagingFormats.IndexToGray
 0001:00008038       ImagingFormats.IndexToIndex
 0001:00003CA4       ImagingFormats.InitBox
 0001:000037A0       ImagingFormats.InitImageFormats
 0001:00006204       ImagingFormats.IsImageFormatValid
 0001:00003D4C       ImagingFormats.MakeColormap
 0001:00004208       ImagingFormats.MapColor
 0001:0000428C       ImagingFormats.MapImage
 0003:00000C18       ImagingFormats.Mask1
 0003:00000C28       ImagingFormats.Mask2
 0003:00000C30       ImagingFormats.Mask4
 0003:00000058       ImagingFormats.OneDiv16Bit
 0003:00000054       ImagingFormats.OneDiv8Bit
 0004:000004D4       ImagingFormats.PFA1R5G5B5
 0004:000004F0       ImagingFormats.PFA4R4G4B4
 0004:00000480       ImagingFormats.PFR3G3B2
 0004:000004B8       ImagingFormats.PFR5G6B5
 0004:0000050C       ImagingFormats.PFX1R5G5B5
 0004:00000528       ImagingFormats.PFX4R4G4B4
 0004:0000049C       ImagingFormats.PFX5R1G1B1
 0001:000039E0       ImagingFormats.PixelFormat
 0003:000008E4       ImagingFormats.R16FInfo
 0003:00000667       ImagingFormats.R16G16B16Info
 0003:000007D3       ImagingFormats.R32FInfo
 0003:00000334       ImagingFormats.R3G3B2Info
 0003:0000038F       ImagingFormats.R5G6B5Info
 0003:00000556       ImagingFormats.R8G8B8Info
 0001:000042E8       ImagingFormats.ReduceColorsMedianCut
 0001:00005F40       ImagingFormats.RemovePadBytes
 0004:0000042C       ImagingFormats.SamplingFilterFunctions
 0004:00000454       ImagingFormats.SamplingFilterRadii
 0001:0000A280       ImagingFormats.SetPixel32Channel8Bit
 0001:00006F20       ImagingFormats.SetPixel32Generic
 0001:0000A114       ImagingFormats.SetPixel32ifA8R8G8B8
 0001:0000A3C8       ImagingFormats.SetPixelFPChannel8Bit
 0001:0000A52C       ImagingFormats.SetPixelFPFloat32
 0001:00007244       ImagingFormats.SetPixelFPGeneric
 0001:0000A180       ImagingFormats.SetPixelFPifA8R8G8B8
 0003:00000C20       ImagingFormats.Shift1
 0003:00000C2C       ImagingFormats.Shift2
 0003:00000C32       ImagingFormats.Shift4
 0001:00004998       ImagingFormats.SinC
 0001:00009DB8       ImagingFormats.SpecialToUnSpecial
 0001:0000444C       ImagingFormats.StretchNearest
 0001:00005338       ImagingFormats.StretchResample
 0001:00004C24       ImagingFormats.StretchResample
 0004:00000548       ImagingFormats.Table
 0001:00005DF0       ImagingFormats.TranslatePixel
 0001:00009E3C       ImagingFormats.UnSpecialToSpecial
 0001:0000645C       ImagingFormats.VisualizePalette
 0003:000004A0       ImagingFormats.X1R5G5B5Info
 0003:000004FB       ImagingFormats.X4R4G4B4Info
 0003:000002D9       ImagingFormats.X5R1G1B1Info
 0003:0000060C       ImagingFormats.X8R8G8B8Info
 0004:0004D888       ImagingGif..2
 0001:0003A084       ImagingGif..TGIFFileFormat
 0001:0003B808       ImagingGif.AnimateFrame
 0001:0003B790       ImagingGif.CopyFrameTransparent32
 0001:0003B154       ImagingGif.CopyLZWData
 0001:0003C214       ImagingGif.Finalization
 0001:0003BE74       ImagingGif.FindMaxDimensions
 0001:0003A9D0       ImagingGif.FlushCode
 0003:00005481       ImagingGif.GIFApplicationExtension
 0003:00005480       ImagingGif.GIFCommentExtension
 0003:00005483       ImagingGif.GIFExtensionIntroducer
 0003:0000547F       ImagingGif.GIFGraphicControlExtension
 0003:00005482       ImagingGif.GIFImageDescriptor
 0003:0000547E       ImagingGif.GIFPlainText
 0003:00005475       ImagingGif.GIFSignature
 0003:00005458       ImagingGif.GIFSupportedFormats
 0003:00005484       ImagingGif.GIFTrailer
 0003:00005478       ImagingGif.GIFVersions
 0002:00000468       ImagingGif.ImagingGif
 0001:0003A924       ImagingGif.InitHash
 0001:0003A4EC       ImagingGif.Output
 0001:0003ADCC       ImagingGif.ReadBlockID
 0001:0003A3F0       ImagingGif.ReadCode
 0001:0003AE5C       ImagingGif.ReadExtensions
 0001:0003B2BC       ImagingGif.ReadFrame
 0001:0003B264       ImagingGif.RemoveBadFrame
 0001:0003AE14       ImagingGif.SkipBytes
 0001:0003C170       ImagingGif.TGIFFileFormat.ConvertToSupported
 0001:0003A2A4       ImagingGif.TGIFFileFormat.Create
 0001:0003A388       ImagingGif.TGIFFileFormat.InterlaceStep
 0001:0003BB00       ImagingGif.TGIFFileFormat.LoadData
 0001:0003AA40       ImagingGif.TGIFFileFormat.LZWCompress
 0001:0003A54C       ImagingGif.TGIFFileFormat.LZWDecompress
 0001:0003BF4C       ImagingGif.TGIFFileFormat.SaveData
 0001:0003C180       ImagingGif.TGIFFileFormat.TestFormat
 0001:0003A930       ImagingGif.WriteCode
 0004:0004C5CC       ImagingIO..1
 0001:0000A5F0       ImagingIO..TBufferedStream
 0001:0000AFAC       ImagingIO.FileClose
 0001:0000AFCC       ImagingIO.FileEof
 0004:0004C56C       ImagingIO.FileIO
 0001:0000AEE0       ImagingIO.FileOpenRead
 0001:0000AF44       ImagingIO.FileOpenWrite
 0001:0000B018       ImagingIO.FileRead
 0001:0000AFF4       ImagingIO.FileSeek
 0001:0000B008       ImagingIO.FileTell
 0001:0000B02C       ImagingIO.FileWrite
 0001:0000B218       ImagingIO.Finalization
 0001:0000B1BC       ImagingIO.GetInputSize
 0002:00000154       ImagingIO.ImagingIO
 0001:0000B0EC       ImagingIO.MemoryClose
 0001:0000B0F4       ImagingIO.MemoryEof
 0004:0004C5AC       ImagingIO.MemoryIO
 0001:0000B0DC       ImagingIO.MemoryOpenRead
 0001:0000B0E4       ImagingIO.MemoryOpenWrite
 0001:0000B14C       ImagingIO.MemoryRead
 0001:0000B108       ImagingIO.MemorySeek
 0001:0000B140       ImagingIO.MemoryTell
 0001:0000B184       ImagingIO.MemoryWrite
 0004:0004C54C       ImagingIO.OriginalFileIO
 0001:0000B20C       ImagingIO.PrepareMemIO
 0001:0000B050       ImagingIO.StreamClose
 0001:0000B058       ImagingIO.StreamEof
 0004:0004C58C       ImagingIO.StreamIO
 0001:0000B040       ImagingIO.StreamOpenRead
 0001:0000B048       ImagingIO.StreamOpenWrite
 0001:0000B0AC       ImagingIO.StreamRead
 0001:0000B084       ImagingIO.StreamSeek
 0001:0000B09C       ImagingIO.StreamTell
 0001:0000B0C4       ImagingIO.StreamWrite
 0001:0000AC34       ImagingIO.TBufferedStream.Commit
 0001:0000A928       ImagingIO.TBufferedStream.Create
 0001:0000A99C       ImagingIO.TBufferedStream.Destroy
 0001:0000A9EC       ImagingIO.TBufferedStream.GetPosition
 0001:0000AA04       ImagingIO.TBufferedStream.GetSize
 0001:0000AC4C       ImagingIO.TBufferedStream.Read
 0001:0000AA08       ImagingIO.TBufferedStream.ReadBuffer
 0001:0000AD20       ImagingIO.TBufferedStream.Seek
 0001:0000A9F8       ImagingIO.TBufferedStream.SetPosition
 0001:0000ADF4       ImagingIO.TBufferedStream.Write
 0001:0000AB1C       ImagingIO.TBufferedStream.WriteBuffer
 0004:0004C694       ImagingJpeg..2
 0001:00023DE4       ImagingJpeg..TJpegFileFormat
 0001:000241F4       ImagingJpeg.EmptyOutput
 0001:000240E8       ImagingJpeg.FillInputBuffer
 0001:00024888       ImagingJpeg.Finalization
 0002:000003B0       ImagingJpeg.ImagingJpeg
 0001:00024314       ImagingJpeg.InitCompressor
 0001:00024298       ImagingJpeg.InitDecompressor
 0001:000241E4       ImagingJpeg.InitDest
 0001:000240E0       ImagingJpeg.InitSource
 0004:0004C698       ImagingJpeg.JIO
 0001:00023FFC       ImagingJpeg.JpegError
 0004:0004C6B8       ImagingJpeg.JpegErrorMgr
 0003:0000400D       ImagingJpeg.JpegMagic
 0001:00024244       ImagingJpeg.JpegStdioDest
 0001:00024178       ImagingJpeg.JpegStdioSrc
 0003:00003FF0       ImagingJpeg.JpegSupportedFormats
 0001:000240B8       ImagingJpeg.OutputMessage
 0001:000240BC       ImagingJpeg.ReleaseContext
 0001:0002412C       ImagingJpeg.SkipInputData
 0001:00024220       ImagingJpeg.TermDest
 0001:0002415C       ImagingJpeg.TermSource
 0001:000244D4       ImagingJpeg.TJpegFileFormat.CheckOptionsValidity
 0001:000247E8       ImagingJpeg.TJpegFileFormat.ConvertToSupported
 0001:00024398       ImagingJpeg.TJpegFileFormat.Create
 0001:000244E8       ImagingJpeg.TJpegFileFormat.LoadData
 0001:00024684       ImagingJpeg.TJpegFileFormat.SaveData
 0001:00024874       ImagingJpeg.TJpegFileFormat.SetJpegIO
 0001:00024808       ImagingJpeg.TJpegFileFormat.TestFormat
 0004:0004D8A0       ImagingJpeg2000..2
 0001:000548E0       ImagingJpeg2000..TJpeg2000FileFormat
 0001:000550BC       ImagingJpeg2000.ConvertYCbCrToRGB
 0001:00055B88       ImagingJpeg2000.Finalization
 0001:00055664       ImagingJpeg2000.GetComponentType
 0002:000004E8       ImagingJpeg2000.ImagingJpeg2000
 0003:00007469       ImagingJpeg2000.J2KSignature
 0003:00007461       ImagingJpeg2000.JP2Signature
 0003:00007444       ImagingJpeg2000.Jpeg2000SupportedFormats
 0001:00054D28       ImagingJpeg2000.ReadChannel
 0001:00054C58       ImagingJpeg2000.TJpeg2000FileFormat.CheckOptionsValidity
 0001:00055AE0       ImagingJpeg2000.TJpeg2000FileFormat.ConvertToSupported
 0001:00054B3C       ImagingJpeg2000.TJpeg2000FileFormat.Create
 0001:00054C6C       ImagingJpeg2000.TJpeg2000FileFormat.GetFileType
 0001:0005513C       ImagingJpeg2000.TJpeg2000FileFormat.LoadData
 0001:000556BC       ImagingJpeg2000.TJpeg2000FileFormat.SaveData
 0001:00055B68       ImagingJpeg2000.TJpeg2000FileFormat.TestFormat
 0004:0004D884       ImagingNetworkGraphics..5
 0001:00035F14       ImagingNetworkGraphics..TAPNGAnimator
 0001:00035E1C       ImagingNetworkGraphics..TCustomIOJpegFileFormat
 0001:0003530C       ImagingNetworkGraphics..TFrameInfo
 0001:00034E7C       ImagingNetworkGraphics..TJNGFileFormat
 0001:00034D84       ImagingNetworkGraphics..TMNGFileFormat
 0001:000348F0       ImagingNetworkGraphics..TNetworkGraphicsFileFormat
 0001:00035638       ImagingNetworkGraphics..TNGFileHandler
 0001:0003587C       ImagingNetworkGraphics..TNGFileLoader
 0001:00035B10       ImagingNetworkGraphics..TNGFileSaver
 0001:00034C3C       ImagingNetworkGraphics..TPNGFileFormat
 0003:0000537E       ImagingNetworkGraphics.acTLChunk
 0001:0003804C       ImagingNetworkGraphics.AdaptiveFilter
 0001:00038F60       ImagingNetworkGraphics.AnimatingNeeded
 0001:000365CC       ImagingNetworkGraphics.AppendIDAT
 0001:00036684       ImagingNetworkGraphics.AppendJDAA
 0001:00036654       ImagingNetworkGraphics.AppendJDAT
 0001:00037BE8       ImagingNetworkGraphics.ApplyColorKey
 0003:00005418       ImagingNetworkGraphics.BitTable
 0003:0000537A       ImagingNetworkGraphics.bKGDChunk
 0001:000389C0       ImagingNetworkGraphics.CalcChunkCrc
 0003:000053E0       ImagingNetworkGraphics.ColumnIncrement
 0003:000053A8       ImagingNetworkGraphics.ColumnStart
 0001:00037004       ImagingNetworkGraphics.Convert124To8
 0001:00037A1C       ImagingNetworkGraphics.ConvertbKGD
 0001:000378DC       ImagingNetworkGraphics.ConverttRNS
 0001:00036C94       ImagingNetworkGraphics.DecodeAdam7
 0003:00005382       ImagingNetworkGraphics.fcTLChunk
 0003:00005386       ImagingNetworkGraphics.fdATChunk
 0001:00036DC4       ImagingNetworkGraphics.FilterScanline
 0001:00037DEC       ImagingNetworkGraphics.FilterScanline
 0001:0003A07C       ImagingNetworkGraphics.Finalization
 0001:00036028       ImagingNetworkGraphics.Get1BitPixel
 0001:0003604C       ImagingNetworkGraphics.Get2BitPixel
 0001:00036070       ImagingNetworkGraphics.Get4BitPixel
 0001:00038988       ImagingNetworkGraphics.GetNextSeqNo
 0001:000369A4       ImagingNetworkGraphics.HandleacTL
 0003:00005366       ImagingNetworkGraphics.IDATChunk
 0003:00005356       ImagingNetworkGraphics.IENDChunk
 0003:00005352       ImagingNetworkGraphics.IHDRChunk
 0002:00000440       ImagingNetworkGraphics.ImagingNetworkGraphics
 0003:0000536E       ImagingNetworkGraphics.JDAAChunk
 0003:0000536A       ImagingNetworkGraphics.JDATChunk
 0003:00005362       ImagingNetworkGraphics.JHDRChunk
 0003:0000534A       ImagingNetworkGraphics.JNGSignature
 0001:00036934       ImagingNetworkGraphics.LoadbKGD
 0001:00037658       ImagingNetworkGraphics.LoadJpegFromStream
 0001:000366B4       ImagingNetworkGraphics.LoadPLTE
 0001:00036804       ImagingNetworkGraphics.LoadtRNS
 0003:000053FC       ImagingNetworkGraphics.Mask1
 0003:0000540C       ImagingNetworkGraphics.Mask2
 0003:00005414       ImagingNetworkGraphics.Mask4
 0003:0000535E       ImagingNetworkGraphics.MENDChunk
 0003:0000535A       ImagingNetworkGraphics.MHDRChunk
 0003:00005342       ImagingNetworkGraphics.MNGSignature
 0003:00005300       ImagingNetworkGraphics.NGLosslessFormats
 0003:0000531D       ImagingNetworkGraphics.NGLossyFormats
 0003:00005372       ImagingNetworkGraphics.PLTEChunk
 0003:0000533A       ImagingNetworkGraphics.PNGSignature
 0001:000362CC       ImagingNetworkGraphics.ReadChunk
 0001:00036324       ImagingNetworkGraphics.ReadChunkData
 0001:00037AF8       ImagingNetworkGraphics.ReconstructPalette
 0003:000053C4       ImagingNetworkGraphics.RowIncrement
 0003:0000538C       ImagingNetworkGraphics.RowStart
 0001:00038364       ImagingNetworkGraphics.SaveJpegToStream
 0003:00005404       ImagingNetworkGraphics.Shift1
 0003:00005410       ImagingNetworkGraphics.Shift2
 0003:00005416       ImagingNetworkGraphics.Shift4
 0001:00036418       ImagingNetworkGraphics.SkipChunkData
 0003:00005438       ImagingNetworkGraphics.StartBit
 0001:0003657C       ImagingNetworkGraphics.StartNewJNGImage
 0001:00036448       ImagingNetworkGraphics.StartNewPNGImage
 0001:00038614       ImagingNetworkGraphics.StorePalette
 0001:00035FD0       ImagingNetworkGraphics.SwapRGB
 0001:00039008       ImagingNetworkGraphics.TAPNGAnimator.Animate
 0001:00036094       ImagingNetworkGraphics.TCustomIOJpegFileFormat.SetCustomIO
 0001:000360A8       ImagingNetworkGraphics.TCustomIOJpegFileFormat.SetJpegIO
 0001:00036174       ImagingNetworkGraphics.TFrameInfo.AssignSharedProps
 0001:000360B4       ImagingNetworkGraphics.TFrameInfo.Create
 0001:00036110       ImagingNetworkGraphics.TFrameInfo.Destroy
 0001:00039E08       ImagingNetworkGraphics.TJNGFileFormat.Create
 0001:00039F00       ImagingNetworkGraphics.TJNGFileFormat.LoadData
 0001:00039FD0       ImagingNetworkGraphics.TJNGFileFormat.SaveData
 0001:00039A34       ImagingNetworkGraphics.TMNGFileFormat.Create
 0001:00039B40       ImagingNetworkGraphics.TMNGFileFormat.LoadData
 0001:00039C8C       ImagingNetworkGraphics.TMNGFileFormat.SaveData
 0001:00039414       ImagingNetworkGraphics.TNetworkGraphicsFileFormat.CheckOptionsValidity
 0001:00039470       ImagingNetworkGraphics.TNetworkGraphicsFileFormat.ConvertToSupported
 0001:000393AC       ImagingNetworkGraphics.TNetworkGraphicsFileFormat.Create
 0001:00039444       ImagingNetworkGraphics.TNetworkGraphicsFileFormat.GetSupportedFormats
 0001:00039510       ImagingNetworkGraphics.TNetworkGraphicsFileFormat.TestFormat
 0001:0003628C       ImagingNetworkGraphics.TNGFileHandler.AddFrameInfo
 0001:00036208       ImagingNetworkGraphics.TNGFileHandler.Clear
 0001:000361DC       ImagingNetworkGraphics.TNGFileHandler.Destroy
 0001:00036270       ImagingNetworkGraphics.TNGFileHandler.GetLastFrame
 0001:00037D38       ImagingNetworkGraphics.TNGFileLoader.ApplyFrameSettings
 0001:000369EC       ImagingNetworkGraphics.TNGFileLoader.LoadFile
 0001:00037770       ImagingNetworkGraphics.TNGFileLoader.LoadImageFromJNGFrame
 0001:000370F4       ImagingNetworkGraphics.TNGFileLoader.LoadImageFromPNGFrame
 0001:000386F4       ImagingNetworkGraphics.TNGFileSaver.AddFrame
 0001:00038C80       ImagingNetworkGraphics.TNGFileSaver.SaveFile
 0001:00038F38       ImagingNetworkGraphics.TNGFileSaver.SetFileOptions
 0001:00038494       ImagingNetworkGraphics.TNGFileSaver.StoreImageToJNGFrame
 0001:00038104       ImagingNetworkGraphics.TNGFileSaver.StoreImageToPNGFrame
 0001:0003957C       ImagingNetworkGraphics.TPNGFileFormat.Create
 0001:00039668       ImagingNetworkGraphics.TPNGFileFormat.LoadData
 0001:000397A0       ImagingNetworkGraphics.TPNGFileFormat.SaveData
 0001:000370B0       ImagingNetworkGraphics.TransformLOCOToRGB
 0003:00005376       ImagingNetworkGraphics.tRNSChunk
 0001:00038A24       ImagingNetworkGraphics.WriteChunk
 0001:00038AC8       ImagingNetworkGraphics.WritefdAT
 0001:00038C08       ImagingNetworkGraphics.WritePNGMainImageChunks
 0004:0004DC88       ImagingPcx..2
 0001:00097B70       ImagingPcx..TPCXFileFormat
 0001:0009843C       ImagingPcx.Finalization
 0003:0002D6C8       ImagingPcx.ifIndex2
 0003:0002D6CC       ImagingPcx.ifIndex4
 0003:0002D6C4       ImagingPcx.ifMono
 0002:0000055C       ImagingPcx.ImagingPcx
 0001:00097D4C       ImagingPcx.RleDecode
 0001:00097C9C       ImagingPcx.TPCXFileFormat.Create
 0001:00097DD8       ImagingPcx.TPCXFileFormat.LoadData
 0001:00098380       ImagingPcx.TPCXFileFormat.TestFormat
 0004:0004D894       ImagingPortableMaps..7
 0001:0003EC38       ImagingPortableMaps..TPAMFileFormat
 0001:0003E95C       ImagingPortableMaps..TPBMFileFormat
[...]
  2616 0001:000A11E3  2617 0001:000A11F1  2619 0001:000A11FC  2620 0001:000A120A
  2623 0001:000A120E  2624 0001:000A1210  2627 0001:000A1214  2628 0001:000A1215
  2629 0001:000A1220  2631 0001:000A1225  2632 0001:000A1227  2640 0001:000A122C
  2641 0001:000A1236  2642 0001:000A1238  2643 0001:000A123B  2644 0001:000A123E
  2645 0001:000A1244  2646 0001:000A124A  2647 0001:000A1250  2648 0001:000A1256
  2649 0001:000A125C  2652 0001:000A1264  2653 0001:000A1266  2654 0001:000A127C
  2662 0001:000A1280  2663 0001:000A1287  2664 0001:000A1292  2666 0001:000A12A3
  2667 0001:000A12AF  2672 0001:000A12B4  2673 0001:000A12DD  2676 0001:000A12EC
  2677 0001:000A12EF  2678 0001:000A12F7  2679 0001:000A1303  2684 0001:000A13B0
  2685 0001:000A13D2  2688 0001:000A142C  2689 0001:000A1432  2691 0001:000A146B
  2695 0001:000A149C  2696 0001:000A14A0  2698 0001:000A14A3  2699 0001:000A14A5
  2702 0001:000A14A8  2703 0001:000A14AB  2704 0001:000A14C3  2705 0001:000A14CC
  2706 0001:000A14DD  2707 0001:000A14E6  2708 0001:000A14F9  2711 0001:000A1574
  2712 0001:000A157B  2713 0001:000A157D  2714 0001:000A1586  2716 0001:000A158B
  2718 0001:000A15A3  2719 0001:000A15B1  2720 0001:000A15D0  2722 0001:000A15E2
  2723 0001:000A15EA  2725 0001:000A15EC  2730 0001:000A166C  2731 0001:000A1677
  2732 0001:000A1679  2733 0001:000A1685  2735 0001:000A169D  2736 0001:000A16A9
  2737 0001:000A16AB  2732 0001:000A16AC  2738 0001:000A16B1  2743 0001:000A16B8
  2744 0001:000A16C3  2745 0001:000A16C5  2746 0001:000A16D1  2748 0001:000A16E6
  2749 0001:000A16F2  2750 0001:000A16F4  2745 0001:000A16F5  2751 0001:000A16FA
  2756 0001:000A1704  2757 0001:000A170A  2758 0001:000A170C  2759 0001:000A171C
  2761 0001:000A1733  2762 0001:000A174C  2763 0001:000A174E  2758 0001:000A174F
  2764 0001:000A1752  2768 0001:000A175C  2769 0001:000A1764  2772 0001:000A1768
  2773 0001:000A176B  2774 0001:000A1779  2776 0001:000A1787  2777 0001:000A1789
  2785 0001:000A178C  2786 0001:000A17BA  2787 0001:000A17C2  2788 0001:000A17CA
  2790 0001:000A17CF  2792 0001:000A17EB  2796 0001:000A1805  2799 0001:000A1815
  2800 0001:000A181D  2802 0001:000A1830  2803 0001:000A1848  2804 0001:000A1855
  2805 0001:000A1862  2800 0001:000A1863  2807 0001:000A1868  2808 0001:000A1898
  2809 0001:000A189E  2811 0001:000A18C6  2813 0001:000A18D1  2814 0001:000A18DF
  2816 0001:000A18EC  2817 0001:000A18EF  2790 0001:000A18F2  2819 0001:000A18FB
  2820 0001:000A1907  2822 0001:000A1944  2823 0001:000A194F  2829 0001:000A1A18
  2831 0001:000A1A28  2832 0001:000A1A29  2833 0001:000A1A32  2835 0001:000A1A38
  2836 0001:000A1A3C  2839 0001:000A1A3D  2841 0001:000A1A4B  2842 0001:000A1A4D
  2844 0001:000A1A63  2845 0001:000A1A7E  2847 0001:000A1A8A  2849 0001:000A1A8E
  2850 0001:000A1A9A  2851 0001:000A1AA8  2853 0001:000A1AAA  2854 0001:000A1AAB
  2842 0001:000A1AAF  2856 0001:000A1AB2  2862 0001:000A1ABC  2863 0001:000A1ACA
  2864 0001:000A1ACC  2866 0001:000A1ADC  2867 0001:000A1AF5  2869 0001:000A1B02
  2872 0001:000A1B10  2873 0001:000A1B11  2874 0001:000A1B18  2875 0001:000A1B19
  2877 0001:000A1B1B  2878 0001:000A1B1C  2864 0001:000A1B1D  2879 0001:000A1B20
  2880 0001:000A1B23  2883 0001:000A1B2C  2884 0001:000A1B2E  2885 0001:000A1B3C
  2890 0001:000A1B40  2891 0001:000A1B5E  2892 0001:000A1B68  2893 0001:000A1B71
  2895 0001:000A1BA3  2896 0001:000A1BB9  2901 0001:000A1C08  2902 0001:000A1C0B
  2904 0001:000A1C1C  2906 0001:000A1C34  2908 0001:000A1C47  2911 0001:000A1C5D
  2913 0001:000A1C5F  2916 0001:000A1C64  2917 0001:000A1C66  2918 0001:000A1C79
  2921 0001:000A1C7C  2922 0001:000A1C7E  2923 0001:000A1C91  2926 0001:000A1C94
  2927 0001:000A1C96  2928 0001:000A1CA9  2932 0001:000A1CAC  2933 0001:000A1CB6
  2938 0001:000A1CB8  2939 0001:000A1CBA  2940 0001:000A1CC3  2941 0001:000A1CD3
  2940 0001:000A1CE5  2942 0001:000A1CE8  2943 0001:000A1CF2  2947 0001:000A1CF8
  2948 0001:000A1D15  2949 0001:000A1D26  2953 0001:000A1D28  2954 0001:000A1D42
  2955 0001:000A1D4C  2962 0001:000A1D50  2963 0001:000A1D62  2964 0001:000A1D6B
  2965 0001:000A1D78  2966 0001:000A1D87  2967 0001:000A1D96  2970 0001:000A1DB0
  2971 0001:000A1DBB  2972 0001:000A1DC3  2973 0001:000A1DCB  2974 0001:000A1DD7
  2978 0001:000A1DE8  2979 0001:000A1DF1  2980 0001:000A1DF8  2981 0001:000A1E0F
  2982 0001:000A1E14  2988 0001:000A1E1C  2989 0001:000A1E22  2991 0001:000A1E26
  2992 0001:000A1E2D  2993 0001:000A1E44  2997 0001:000A1E48  2999 0001:000A1E64
  3002 0001:000A1E68  3003 0001:000A1E71  3004 0001:000A1E81  3003 0001:000A1E96
  3007 0001:000A1E99  3013 0001:000A1EA0  3014 0001:000A1EB1  3015 0001:000A1EB8
  3016 0001:000A1EBC  3018 0001:000A1EC6  3019 0001:000A1ED0  3022 0001:000A1EE8
  3025 0001:000A1EEC  3027 0001:000A1EF2  3028 0001:000A1EF6  3030 0001:000A1EFA
  3032 0001:000A1EFF  3033 0001:000A1F03  3034 0001:000A1F08  3038 0001:000A1F0E
  3039 0001:000A1F13  3042 0001:000A1F18  3043 0001:000A1F26  3044 0001:000A1F38
  3042 0001:000A1F39  3048 0001:000A1F3E  3049 0001:000A1F47  3050 0001:000A1F4B
  3054 0001:000A1F5F  3056 0001:000A1F63  3062 0001:000A1FE8  3063 0001:000A2007
  3064 0001:000A200F  3065 0001:000A2019  3067 0001:000A2025  3069 0001:000A2038
  3070 0001:000A205D  3071 0001:000A2075  3072 0001:000A208A  3073 0001:000A2095
  3067 0001:000A2096  3074 0001:000A209B  3077 0001:000A20DC  3078 0001:000A20E1
  3079 0001:000A20F6  3082 0001:000A20FC  3083 0001:000A20FE  3084 0001:000A210B
  3088 0001:000A2110  3089 0001:000A212D  3090 0001:000A212F  3091 0001:000A2155
  3095 0001:000A217C  3096 0001:000A2199  3097 0001:000A219B  3098 0001:000A21C1
  3103 0001:000A21E8  3106 0001:000A21EC  3107 0001:000A21F5  3108 0001:000A221E
  3114 0001:000A2224  3115 0001:000A224E  3116 0001:000A2252  3117 0001:000A225F
  3119 0001:000A226D  3120 0001:000A2272  3121 0001:000A2285  3123 0001:000A2293
  3125 0001:000A22A2  3127 0001:000A22D7  3130 0001:000A22FA  3132 0001:000A233D
  3135 0001:000A235F  3137 0001:000A23A7  3144 0001:000A23E0  3145 0001:000A240A
  3146 0001:000A240E  3147 0001:000A241C  3148 0001:000A2429  3150 0001:000A2437
  3151 0001:000A243C  3152 0001:000A244A  3154 0001:000A2458  3156 0001:000A2467
  3158 0001:000A249C  3161 0001:000A24BF  3163 0001:000A2502  3166 0001:000A2524
  3167 0001:000A2532  3169 0001:000A257A  3176 0001:000A25B4  3177 0001:000A25DF
  3178 0001:000A25E3  3179 0001:000A25F0  3181 0001:000A25FE  3182 0001:000A2603
  3183 0001:000A2611  3184 0001:000A261F  3186 0001:000A262D  3188 0001:000A263C
  3190 0001:000A2673  3193 0001:000A2697  3195 0001:000A26E4  3198 0001:000A2706
  3200 0001:000A2758  3208 0001:000A2790  3209 0001:000A27C4  3210 0001:000A27C8
  3211 0001:000A27E5  3212 0001:000A27F3  3213 0001:000A27F8  3214 0001:000A2802
  3217 0001:000A2827  3218 0001:000A283A  3219 0001:000A2848  3220 0001:000A284E
  3222 0001:000A2855  3224 0001:000A285C  3226 0001:000A289E  3232 0001:000A28B1
  3233 0001:000A28BC  3234 0001:000A28C9  3235 0001:000A28CD  3237 0001:000A28E1
  3238 0001:000A2927  3239 0001:000A2935  3240 0001:000A293B  3242 0001:000A2976
  3243 0001:000A297C  3245 0001:000A2990  3247 0001:000A29A3  3235 0001:000A29A6
  3250 0001:000A29BE  3252 0001:000A2A06  3260 0001:000A2A68  3261 0001:000A2A8F
  3262 0001:000A2A93  3263 0001:000A2AA1  3264 0001:000A2ABD  3265 0001:000A2ACB
  3266 0001:000A2AD0  3267 0001:000A2ADE  3268 0001:000A2AEC  3270 0001:000A2AF8
  3271 0001:000A2AFE  3273 0001:000A2B05  3275 0001:000A2B0C  3280 0001:000A2B41
  3281 0001:000A2B45  3282 0001:000A2B4C  3284 0001:000A2B5B  3285 0001:000A2B61
  3287 0001:000A2B9A  3289 0001:000A2BA0  3282 0001:000A2BA3  3292 0001:000A2BB3
  3295 0001:000A2BD5  3296 0001:000A2BE3  3298 0001:000A2C2B  3306 0001:000A2C5C
  3307 0001:000A2C87  3308 0001:000A2C8B  3309 0001:000A2CA7  3310 0001:000A2CB5
  3311 0001:000A2CBA  3312 0001:000A2CCA  3313 0001:000A2CD8  3314 0001:000A2CE6
  3316 0001:000A2CF2  3317 0001:000A2CF8  3319 0001:000A2CFF  3321 0001:000A2D06
  3326 0001:000A2D3B  3327 0001:000A2D3F  3328 0001:000A2D46  3330 0001:000A2D55
  3331 0001:000A2D5B  3333 0001:000A2D94  3335 0001:000A2D9A  3328 0001:000A2D9D
  3337 0001:000A2DA0  3339 0001:000A2DB5  3342 0001:000A2DD7  3344 0001:000A2E2B
  3348 0001:000A2E5C  3349 0001:000A2E6C  3351 0001:000A2E73  3354 0001:000A2E7C
  3355 0001:000A2E86  3358 0001:000A2E93  3359 0001:000A2E9C  3361 0001:000A2EA0
  3362 0001:000A2EB9  3365 0001:000A2EC4  3369 0001:000A2ED2  3370 0001:000A2EE0
  3376 0001:000A2EE4  3377 0001:000A2EEE  3378 0001:000A2F07  3382 0001:000A2F10
  3383 0001:000A2F1F  3387 0001:000A2F28  3388 0001:000A2F2A  3394 0001:000A2F2C
  3395 0001:000A2F4B  3397 0001:000A2F55  3398 0001:000A2F6A  3400 0001:000A2F8B
  3401 0001:000A2F8D  3402 0001:000A2F8F  3397 0001:000A2F90  3403 0001:000A2F93
  3404 0001:000A2F95  3408 0001:000A2FC4  3413 0001:000A2FC8  3414 0001:000A2FDA
  3415 0001:000A2FE3  3416 0001:000A2FEA  3421 0001:000A3004  3422 0001:000A3010
  3423 0001:000A3012  3422 0001:000A302C  3424 0001:000A3031  3425 0001:000A303D
  3430 0001:000A304C  3431 0001:000A3050  3432 0001:000A3052  3434 0001:000A3059
  3435 0001:000A307B  3436 0001:000A3091  3437 0001:000A309E  3435 0001:000A30AB
  3438 0001:000A30AE  3439 0001:000A30B1  3441 0001:000A30B3  3446 0001:000A30B8
  3447 0001:000A30BC  3448 0001:000A30BE  3450 0001:000A30C4  3451 0001:000A30C7
  3452 0001:000A30EC  3453 0001:000A3100  3454 0001:000A310D  3452 0001:000A311A
  3455 0001:000A311D  3457 0001:000A311F  3473 0001:000A3124  3474 0001:000A3142
  3631 0001:000A3147

Line numbers for Imaging(..\Imaging.pas) segment .itext

  3459 0002:0000058C  3465 0002:00000595  3466 0002:0000059E  3467 0002:000005AF
  3468 0002:000005B4  3469 0002:000005C3  3470 0002:000005D2  3471 0002:000005E1
  3472 0002:000005F0

Line numbers for ImagingComponents(..\ImagingComponents.pas) segment .text

   121 0001:000A385C   379 0001:000A49A4   380 0001:000A49C1   381 0001:000A49D6
   382 0001:000A4A0B   380 0001:000A4A0C   383 0001:000A4A0F   388 0001:000A4A38
   389 0001:000A4A56   390 0001:000A4A75   391 0001:000A4AA6   389 0001:000A4AA9
   392 0001:000A4AAC   394 0001:000A4AD0   395 0001:000A4AD1   396 0001:000A4AD6
   397 0001:000A4AE3   396 0001:000A4AF0   398 0001:000A4AF5   401 0001:000A4AFF
   402 0001:000A4B09   405 0001:000A4B13   406 0001:000A4B1D   409 0001:000A4B27
   410 0001:000A4B31   413 0001:000A4B3B   414 0001:000A4B45   417 0001:000A4B4F
   418 0001:000A4B59   429 0001:000A4B63   430 0001:000A4B6D   433 0001:000A4B77
   434 0001:000A4B81   436 0001:000A4B8B   442 0001:000A4B90   443 0001:000A4BA0
   446 0001:000A4BAA   447 0001:000A4BBA   454 0001:000A4BC4   455 0001:000A4BD4
   458 0001:000A4BDE   459 0001:000A4BEE   462 0001:000A4BF8   463 0001:000A4C08
   465 0001:000A4C12   466 0001:000A4C22   467 0001:000A4C2C   471 0001:000A4C30
   473 0001:000A4C47   474 0001:000A4C4A   475 0001:000A4C4D   478 0001:000A4C50
   480 0001:000A4C53   482 0001:000A4C55   486 0001:000A4C58   487 0001:000A4C7E
   488 0001:000A4C84   489 0001:000A4C8A   490 0001:000A4C90   491 0001:000A4C96
   493 0001:000A4C9C   495 0001:000A4C9E   510 0001:000A4CA0   511 0001:000A4CCE
   512 0001:000A4CDB   513 0001:000A4CE9   516 0001:000A4CF2   517 0001:000A4CFA
   518 0001:000A4D05   519 0001:000A4D17   522 0001:000A4D26   523 0001:000A4D32
   524 0001:000A4D41   525 0001:000A4D47   527 0001:000A4D56   532 0001:000A4D63
   533 0001:000A4D6D   536 0001:000A4D7A   538 0001:000A4D89   539 0001:000A4D8E
   541 0001:000A4DD4   544 0001:000A4DE0   545 0001:000A4DEA   546 0001:000A4DF5
   548 0001:000A4DFF   551 0001:000A4E0A   552 0001:000A4E1C   553 0001:000A4E25
   554 0001:000A4E30   557 0001:000A4E41   558 0001:000A4E4B   559 0001:000A4E56
   560 0001:000A4E60   554 0001:000A4E64   561 0001:000A4E67   564 0001:000A4E7D
   565 0001:000A4E88   564 0001:000A4EA9   569 0001:000A4EAC   570 0001:000A4EB8
   607 0001:000A4EC2   608 0001:000A4ECD   609 0001:000A4ED5   624 0001:000A4F04
   649 0001:000A4F2A   650 0001:000A4F39   653 0001:000A4F3D   654 0001:000A4F49
   656 0001:000A4F55   657 0001:000A4F5F   661 0001:000A4F6E   662 0001:000A4F72
   664 0001:000A4F96   665 0001:000A4FB0   666 0001:000A4FBB   669 0001:000A4FC3
   673 0001:000A4FE4   674 0001:000A5000   675 0001:000A5009   676 0001:000A5011
   679 0001:000A5026   680 0001:000A502E   681 0001:000A5035   682 0001:000A503D
   683 0001:000A5044   676 0001:000A5048   686 0001:000A504D   687 0001:000A505B
   686 0001:000A507A   703 0001:000A507F   707 0001:000A50A8   708 0001:000A50B0
   712 0001:000A50B4   713 0001:000A50BC   721 0001:000A50C0   722 0001:000A50E6
   724 0001:000A50F5   725 0001:000A511F   727 0001:000A512D   730 0001:000A513C
   731 0001:000A5143   732 0001:000A5149   733 0001:000A514F   734 0001:000A5154
   735 0001:000A5159   736 0001:000A5161   737 0001:000A5167   738 0001:000A516C
   739 0001:000A5171   740 0001:000A5176   743 0001:000A517B   745 0001:000A5189
   751 0001:000A51CE   752 0001:000A51DD   753 0001:000A51EB   754 0001:000A51F5
   757 0001:000A523D   761 0001:000A525A   764 0001:000A526F   769 0001:000A52F4
   770 0001:000A5300   771 0001:000A5314   844 0001:000A531C   845 0001:000A5330
   847 0001:000A538B   850 0001:000A5394   851 0001:000A53A0   852 0001:000A53B8
   855 0001:000A53C0   856 0001:000A53C4   857 0001:000A53D0   863 0001:000A53D8
   864 0001:000A53EA   865 0001:000A53F3   866 0001:000A53FC   870 0001:000A5418
   871 0001:000A541D   876 0001:000A5420   877 0001:000A542A   878 0001:000A5439
   879 0001:000A5447   880 0001:000A5451   882 0001:000A5468   884 0001:000A5478
   889 0001:000A5480   890 0001:000A5499   892 0001:000A54AA   894 0001:000A54B5
   896 0001:000A54C6   897 0001:000A54DE   898 0001:000A54E8   899 0001:000A54F5
   902 0001:000A54FF   903 0001:000A5508   906 0001:000A5530   907 0001:000A5536
   908 0001:000A5547   910 0001:000A5553   911 0001:000A555C   914 0001:000A5560
   915 0001:000A5568   916 0001:000A558E   917 0001:000A559A   921 0001:000A55A0
   922 0001:000A55AA   923 0001:000A55B2   926 0001:000A55B4   927 0001:000A55BA
   928 0001:000A55C5   929 0001:000A55CE   932 0001:000A55D4   933 0001:000A55DA
   934 0001:000A55E1   935 0001:000A55EA   941 0001:000A55F0   942 0001:000A5616
   943 0001:000A561F   944 0001:000A563F   945 0001:000A5644   946 0001:000A5651
   951 0001:000A568C   952 0001:000A5699   954 0001:000A56A3   955 0001:000A56B2
   956 0001:000A56C0   957 0001:000A56CA   958 0001:000A56D0   959 0001:000A570E
   961 0001:000A5728   964 0001:000A5738   968 0001:000A5740   969 0001:000A5748
   988 0001:000A574C   989 0001:000A575E   990 0001:000A5767   991 0001:000A5784
   995 0001:000A57A0   996 0001:000A57AA   999 0001:000A57AC  1000 0001:000A57B2
  1001 0001:000A57B7  1002 0001:000A57C5  1003 0001:000A57CE  1004 0001:000A57D3
  1012 0001:000A57D8  1013 0001:000A57EA  1014 0001:000A57F3  1015 0001:000A580C
  1016 0001:000A5829  1020 0001:000A5844  1021 0001:000A584E  1031 0001:000A5850
  1032 0001:000A5856  1033 0001:000A585B  1034 0001:000A5868  1035 0001:000A5876
  1036 0001:000A587F  1037 0001:000A5884  1073 0001:000A5888  1074 0001:000A5892
  1083 0001:000A5894  1084 0001:000A58A6  1085 0001:000A58AF  1086 0001:000A58CC
  1090 0001:000A58E8  1091 0001:000A58F2  1094 0001:000A58F4  1095 0001:000A58FA
  1096 0001:000A58FF  1097 0001:000A590D  1098 0001:000A5916  1099 0001:000A591B
  1107 0001:000A5920  1108 0001:000A5932  1109 0001:000A593B  1110 0001:000A5940
  1114 0001:000A595C  1115 0001:000A5966  1118 0001:000A5968  1119 0001:000A596E
  1120 0001:000A5980  1121 0001:000A5987  1122 0001:000A5990  1123 0001:000A5999
  1125 0001:000A59A0  1126 0001:000A59A5  1127 0001:000A59B1  1128 0001:000A59BD
  1129 0001:000A59CC  1130 0001:000A59DB  1131 0001:000A59E4  1132 0001:000A59E9
  1140 0001:000A59EC  1141 0001:000A59FE  1142 0001:000A5A07  1143 0001:000A5A24
  1144 0001:000A5A41  1145 0001:000A5A5A  1146 0001:000A5A73  1147 0001:000A5A8C
  1148 0001:000A5AA9  1152 0001:000A5AC4  1153 0001:000A5ACE  1163 0001:000A5AD0
  1164 0001:000A5AD6  1165 0001:000A5ADB  1166 0001:000A5AE9  1167 0001:000A5AF7
  1168 0001:000A5B04  1169 0001:000A5B11  1170 0001:000A5B1E  1171 0001:000A5B2C
  1172 0001:000A5B35  1173 0001:000A5B3A  1181 0001:000A5B40  1182 0001:000A5B52
  1183 0001:000A5B5B  1184 0001:000A5B78  1185 0001:000A5B91  1186 0001:000A5BAA
  1187 0001:000A5BC3  1188 0001:000A5BE0  1192 0001:000A5BFC  1193 0001:000A5C06
  1196 0001:000A5C08  1197 0001:000A5C0E  1198 0001:000A5C13  1199 0001:000A5C21
  1200 0001:000A5C2E  1201 0001:000A5C3B  1202 0001:000A5C48  1203 0001:000A5C56
  1204 0001:000A5C5F  1205 0001:000A5C64  1211 0001:000A5C68  1272 0001:000A5C75

Line numbers for ImagingComponents(..\ImagingComponents.pas) segment .itext

  1208 0002:00000634  1209 0002:0000063D  1210 0002:00000642

Line numbers for imjidctint(..\JpegLib\imjidctint.pas) segment .text

   135 0001:000A5C78   136 0001:000A5C7A   154 0001:000A5C7C   155 0001:000A5C7E
   164 0001:000A5C80   166 0001:000A5C81   167 0001:000A5C8D   168 0001:000A5C91
   170 0001:000A5CA5   174 0001:000A5CA9   203 0001:000A5CAC   211 0001:000A5CB8
   218 0001:000A5CC6   219 0001:000A5CC9   220 0001:000A5CCF   221 0001:000A5CD5
   231 0001:000A5CDC   237 0001:000A5D2B   239 0001:000A5D3E   240 0001:000A5D40
   241 0001:000A5D43   242 0001:000A5D46   243 0001:000A5D49   244 0001:000A5D4F
   245 0001:000A5D55   246 0001:000A5D5B   248 0001:000A5D61   249 0001:000A5D65
   250 0001:000A5D69   251 0001:000A5D6C   257 0001:000A5D71   258 0001:000A5D85
   260 0001:000A5D9E   261 0001:000A5DB0   262 0001:000A5DC2   264 0001:000A5DD5
   265 0001:000A5DE7   267 0001:000A5E00   268 0001:000A5E08   270 0001:000A5E13
   271 0001:000A5E1B   272 0001:000A5E21   273 0001:000A5E2A   278 0001:000A5E33
   279 0001:000A5E4C   280 0001:000A5E66   281 0001:000A5E7A   283 0001:000A5E8E
   284 0001:000A5E96   285 0001:000A5E9F   286 0001:000A5EA4   287 0001:000A5EAD
   289 0001:000A5EBF   290 0001:000A5ECD   291 0001:000A5EDD   292 0001:000A5EED
   293 0001:000A5EFD   294 0001:000A5F0D   295 0001:000A5F1D   296 0001:000A5F2B
   298 0001:000A5F3B   299 0001:000A5F3E   301 0001:000A5F44   302 0001:000A5F4B
   303 0001:000A5F54   304 0001:000A5F5A   308 0001:000A5F63   309 0001:000A5F75
   310 0001:000A5F8B   311 0001:000A5F9E   312 0001:000A5FB4   313 0001:000A5FC7
   314 0001:000A5FDD   315 0001:000A5FEF   317 0001:000A6004   318 0001:000A6008
   319 0001:000A600C   221 0001:000A600F   326 0001:000A6018   327 0001:000A601E
   329 0001:000A6023   330 0001:000A602F   339 0001:000A6035   343 0001:000A605F
   346 0001:000A6077   347 0001:000A607C   348 0001:000A6082   349 0001:000A6088
   350 0001:000A608E   351 0001:000A6094   352 0001:000A609A   353 0001:000A60A0
   355 0001:000A60A6   356 0001:000A60A9   363 0001:000A60AE   364 0001:000A60B4
   366 0001:000A60B7   367 0001:000A60C9   368 0001:000A60DB   370 0001:000A60EE
   371 0001:000A60FA   373 0001:000A6102   374 0001:000A610A   375 0001:000A6110
   376 0001:000A6119   381 0001:000A6122   382 0001:000A6125   383 0001:000A612B
   384 0001:000A6131   386 0001:000A6137   387 0001:000A613F   388 0001:000A6148
   389 0001:000A614D   390 0001:000A6156   392 0001:000A6168   393 0001:000A6176
   394 0001:000A6186   395 0001:000A6196   396 0001:000A61A6   397 0001:000A61B6
   398 0001:000A61C6   399 0001:000A61D4   401 0001:000A61E4   402 0001:000A61E7
   404 0001:000A61ED   405 0001:000A61F4   406 0001:000A61FD   407 0001:000A6203
   411 0001:000A620C   414 0001:000A622D   417 0001:000A624F   420 0001:000A6271
   423 0001:000A6293   426 0001:000A62B5   429 0001:000A62D7   432 0001:000A62F8
   436 0001:000A6319   437 0001:000A631C   327 0001:000A631F   438 0001:000A6329

Line numbers for imjidctint(..\JpegLib\imjidctint.pas) segment .itext

   440 0002:00000644

Line numbers for .VampyreImagingPackage.D2009(VampyreImagingPackage.D2009.dpkw) segment .itext

   111 0002:0000064C

Bound resource files

VampyreImagingPackage.D2009.res
VampyreImagingPackage.drf


Program entry point at 0002:0000064C
